ARM Linker, 5.03 [Build 76] [MDK-ARM Lite]

==============================================================================

Section Cross References

    startup_lpc17xx.o(STACK) refers (Special) to heapauxi.o(.text) for __use_two_region_memory
    startup_lpc17xx.o(HEAP) refers (Special) to heapauxi.o(.text) for __use_two_region_memory
    startup_lpc17xx.o(RESET) refers (Special) to heapauxi.o(.text) for __use_two_region_memory
    startup_lpc17xx.o(RESET) refers to startup_lpc17xx.o(STACK) for __initial_sp
    startup_lpc17xx.o(RESET) refers to startup_lpc17xx.o(.text) for Reset_Handler
    startup_lpc17xx.o(RESET) refers to ultrasonidos.o(.text) for SysTick_Handler
    startup_lpc17xx.o(.ARM.__at_0x02FC) refers (Special) to heapauxi.o(.text) for __use_two_region_memory
    startup_lpc17xx.o(.text) refers (Special) to heapauxi.o(.text) for __use_two_region_memory
    startup_lpc17xx.o(.text) refers to system_lpc17xx.o(.text) for SystemInit
    startup_lpc17xx.o(.text) refers to __main.o(!!!main) for __main
    startup_lpc17xx.o(.text) refers to startup_lpc17xx.o(HEAP) for Heap_Mem
    startup_lpc17xx.o(.text) refers to startup_lpc17xx.o(STACK) for Stack_Mem
    system_lpc17xx.o(.text) refers to lludivv7m.o(.text) for __aeabi_uldivmod
    system_lpc17xx.o(.text) refers to system_lpc17xx.o(.data) for SystemCoreClock
    ultrasonidos.o(.text) refers to _printf_percent.o(.ARM.Collect$$_printf_percent$$00000000) for _printf_percent
    ultrasonidos.o(.text) refers to _printf_d.o(.ARM.Collect$$_printf_percent$$00000009) for _printf_d
    ultrasonidos.o(.text) refers to _printf_dec.o(.text) for _printf_int_dec
    ultrasonidos.o(.text) refers to dflt_clz.o(x$fpl$dfltu) for __aeabi_ui2d
    ultrasonidos.o(.text) refers to dmul.o(x$fpl$dmul) for __aeabi_dmul
    ultrasonidos.o(.text) refers to ddiv.o(x$fpl$ddiv) for __aeabi_ddiv
    ultrasonidos.o(.text) refers to daddsub_clz.o(x$fpl$dsub) for __aeabi_dsub
    ultrasonidos.o(.text) refers to dfixu.o(x$fpl$dfixu) for __aeabi_d2uiz
    ultrasonidos.o(.text) refers to daddsub_clz.o(x$fpl$dadd) for __aeabi_dadd
    ultrasonidos.o(.text) refers to fflt_clz.o(x$fpl$ffltu) for __aeabi_ui2f
    ultrasonidos.o(.text) refers to fdiv.o(x$fpl$fdiv) for __aeabi_fdiv
    ultrasonidos.o(.text) refers to f2d.o(x$fpl$f2d) for __aeabi_f2d
    ultrasonidos.o(.text) refers to faddsub_clz.o(x$fpl$fsub) for __aeabi_fsub
    ultrasonidos.o(.text) refers to d2f.o(x$fpl$d2f) for __aeabi_d2f
    ultrasonidos.o(.text) refers to ultrasonidos.o(.data) for modo
    ultrasonidos.o(.text) refers to sin.o(i.sin) for sin
    ultrasonidos.o(.text) refers to ultrasonidos.o(.bss) for muestreo
    ultrasonidos.o(.text) refers to ultrasonidos.o(.constdata) for muestras
    ultrasonidos.o(.text) refers to glcd.o(.text) for LCD_Initialization
    ultrasonidos.o(.text) refers to frleqf.o(x$fpl$frleqf) for __aeabi_cfrcmple
    ultrasonidos.o(.text) refers to fleqf.o(x$fpl$fleqf) for __aeabi_cfcmple
    ultrasonidos.o(.text) refers to fmul.o(x$fpl$fmul) for __aeabi_fmul
    ultrasonidos.o(.text) refers to faddsub_clz.o(x$fpl$frsb) for __aeabi_frsub
    ultrasonidos.o(.text) refers to ffixu.o(x$fpl$ffixu) for __aeabi_f2uiz
    ultrasonidos.o(.text) refers to noretval__2sprintf.o(.text) for __2sprintf
    ultrasonidos.o(.text) refers to strcmpv7m.o(.text) for strcmp
    ultrasonidos.o(.text) refers to atoi.o(.text) for atoi
    asciilib.o(.text) refers to rt_memcpy_v6.o(.text) for __aeabi_memcpy
    asciilib.o(.text) refers to asciilib.o(.constdata) for AsciiLib
    glcd.o(.text) refers to glcd.o(.data) for LCD_Code
    glcd.o(.text) refers to asciilib.o(.text) for GetASCIICode
    __2sprintf.o(.text) refers to _printf_char_common.o(.text) for _printf_char_common
    __2sprintf.o(.text) refers to _sputc.o(.text) for _sputc
    noretval__2sprintf.o(.text) refers to _printf_char_common.o(.text) for _printf_char_common
    noretval__2sprintf.o(.text) refers to _sputc.o(.text) for _sputc
    __printf.o(.text) refers to _printf_percent.o(.ARM.Collect$$_printf_percent$$00000000) for _printf_percent
    _printf_dec.o(.text) refers to _printf_intcommon.o(.text) for _printf_int_common
    __printf_flags.o(.text) refers to _printf_percent.o(.ARM.Collect$$_printf_percent$$00000000) for _printf_percent
    __printf_flags.o(.text) refers to __printf_flags.o(.constdata) for .constdata
    __printf_ss.o(.text) refers to _printf_percent.o(.ARM.Collect$$_printf_percent$$00000000) for _printf_percent
    __printf_flags_ss.o(.text) refers to _printf_percent.o(.ARM.Collect$$_printf_percent$$00000000) for _printf_percent
    __printf_flags_ss.o(.text) refers to __printf_flags_ss.o(.constdata) for .constdata
    __printf_wp.o(.text) refers to __printf_wp.o(i._is_digit) for _is_digit
    __printf_wp.o(.text) refers to _printf_percent.o(.ARM.Collect$$_printf_percent$$00000000) for _printf_percent
[...]
    rt_div0.o(.text) refers to defsig_fpe_outer.o(.text) for __rt_SIGFPE
    _strtoul.o(.text) refers to _chval.o(.text) for _chval
    _strtoul.o(.text) refers to rt_errno_addr_intlibspace.o(.text) for __aeabi_errno_addr
    dcheck1.o(x$fpl$dcheck1) refers (Special) to usenofp.o(x$fpl$usenofp) for __I$use$fp
    dcheck1.o(x$fpl$dcheck1) refers to retnan.o(x$fpl$retnan) for __fpl_return_NaN
    dfix.o(x$fpl$dfix) refers (Special) to usenofp.o(x$fpl$usenofp) for __I$use$fp
    dfix.o(x$fpl$dfix) refers to dnaninf.o(x$fpl$dnaninf) for __fpl_dnaninf
    dfix.o(x$fpl$dfixr) refers (Special) to usenofp.o(x$fpl$usenofp) for __I$use$fp
    dfix.o(x$fpl$dfixr) refers to dnaninf.o(x$fpl$dnaninf) for __fpl_dnaninf
    dunder.o(i.__mathlib_dbl_underflow) refers to scalbn.o(x$fpl$scalbn) for __ARM_scalbn
    fpclassify.o(i.__ARM_fpclassify) refers (Special) to usenofp.o(x$fpl$usenofp) for __I$use$fp
    poly.o(i.__kernel_poly) refers (Special) to usenofp.o(x$fpl$usenofp) for __I$use$fp
    poly.o(i.__kernel_poly) refers to dmul.o(x$fpl$dmul) for __aeabi_dmul
    poly.o(i.__kernel_poly) refers to daddsub_clz.o(x$fpl$dadd) for __aeabi_dadd
    sys_stackheap_outer.o(.text) refers to libspace.o(.text) for __user_perproc_libspace
    sys_stackheap_outer.o(.text) refers to startup_lpc17xx.o(.text) for __user_initial_stackheap
    rt_locale.o(.text) refers to rt_locale.o(.bss) for __rt_locale_data
    rt_locale_intlibspace.o(.text) refers to libspace.o(.bss) for __libspace_start
    lc_ctype_c.o(locale$$data) refers (Special) to libinit2.o(.ARM.Collect$$libinit$$00000010) for __rt_lib_init_lc_ctype_2
    lc_ctype_c.o(locale$$code) refers (Special) to libinit2.o(.ARM.Collect$$libinit$$00000010) for __rt_lib_init_lc_ctype_2
    lc_ctype_c.o(locale$$code) refers to strcmpv7m.o(.text) for strcmp
    lc_ctype_c.o(locale$$code) refers to lc_ctype_c.o(locale$$data) for __lcctype_c_name
    exit.o(.text) refers to rtexit.o(.ARM.Collect$$rtexit$$00000000) for __rt_exit
    defsig_fpe_outer.o(.text) refers to defsig_fpe_inner.o(.text) for __rt_SIGFPE_inner
    defsig_fpe_outer.o(.text) refers to defsig_exit.o(.text) for __sig_exit
    defsig_fpe_formal.o(.text) refers to rt_raise.o(.text) for __rt_raise
    libinit.o(.ARM.Collect$$libinit$$00000000) refers (Special) to libinit2.o(.ARM.Collect$$libinit$$0000002C) for __rt_lib_init_alloca_1
    libinit.o(.ARM.Collect$$libinit$$00000000) refers (Special) to libinit2.o(.ARM.Collect$$libinit$$0000002A) for __rt_lib_init_argv_1
    libinit.o(.ARM.Collect$$libinit$$00000000) refers (Special) to libinit2.o(.ARM.Collect$$libinit$$00000019) for __rt_lib_init_atexit_1
    libinit.o(.ARM.Collect$$libinit$$00000000) refers (Special) to libinit2.o(.ARM.Collect$$libinit$$0000001F) for __rt_lib_init_clock_1
    libinit.o(.ARM.Collect$$libinit$$00000000) refers (Special) to libinit2.o(.ARM.Collect$$libinit$$00000030) for __rt_lib_init_cpp_1
    libinit.o(.ARM.Collect$$libinit$$00000000) refers (Special) to libinit2.o(.ARM.Collect$$libinit$$0000002E) for __rt_lib_init_exceptions_1
    libinit.o(.ARM.Collect$$libinit$$00000000) refers (Special) to libinit2.o(.ARM.Collect$$libinit$$00000002) for __rt_lib_init_fp_1
    libinit.o(.ARM.Collect$$libinit$$00000000) refers (Special) to libinit2.o(.ARM.Collect$$libinit$$0000001D) for __rt_lib_init_fp_trap_1
    libinit.o(.ARM.Collect$$libinit$$00000000) refers (Special) to libinit2.o(.ARM.Collect$$libinit$$00000021) for __rt_lib_init_getenv_1
    libinit.o(.ARM.Collect$$libinit$$00000000) refers (Special) to libinit2.o(.ARM.Collect$$libinit$$00000008) for __rt_lib_init_heap_1
    libinit.o(.ARM.Collect$$libinit$$00000000) refers (Special) to libinit2.o(.ARM.Collect$$libinit$$0000000F) for __rt_lib_init_lc_collate_1
    libinit.o(.ARM.Collect$$libinit$$00000000) refers (Special) to libinit2.o(.ARM.Collect$$libinit$$00000011) for __rt_lib_init_lc_ctype_1
    libinit.o(.ARM.Collect$$libinit$$00000000) refers (Special) to libinit2.o(.ARM.Collect$$libinit$$00000013) for __rt_lib_init_lc_monetary_1
    libinit.o(.ARM.Collect$$libinit$$00000000) refers (Special) to libinit2.o(.ARM.Collect$$libinit$$00000015) for __rt_lib_init_lc_numeric_1
    libinit.o(.ARM.Collect$$libinit$$00000000) refers (Special) to libinit2.o(.ARM.Collect$$libinit$$00000017) for __rt_lib_init_lc_time_1
    libinit.o(.ARM.Collect$$libinit$$00000000) refers (Special) to libinit2.o(.ARM.Collect$$libinit$$0000000C) for __rt_lib_init_rand_1
    libinit.o(.ARM.Collect$$libinit$$00000000) refers (Special) to libinit2.o(.ARM.Collect$$libinit$$00000031) for __rt_lib_init_return
    libinit.o(.ARM.Collect$$libinit$$00000000) refers (Special) to libinit2.o(.ARM.Collect$$libinit$$0000001B) for __rt_lib_init_signal_1
    libinit.o(.ARM.Collect$$libinit$$00000000) refers (Special) to libinit2.o(.ARM.Collect$$libinit$$00000023) for __rt_lib_init_stdio_1
    libinit.o(.ARM.Collect$$libinit$$00000000) refers (Special) to libinit2.o(.ARM.Collect$$libinit$$0000000A) for __rt_lib_init_user_alloc_1
    retnan.o(x$fpl$retnan) refers (Special) to usenofp.o(x$fpl$usenofp) for __I$use$fp
    retnan.o(x$fpl$retnan) refers to trapv.o(x$fpl$trapveneer) for __fpl_cmpreturn
    rtexit.o(.ARM.Collect$$rtexit$$00000000) refers (Special) to rtexit2.o(.ARM.Collect$$rtexit$$00000004) for __rt_exit_exit
    rtexit.o(.ARM.Collect$$rtexit$$00000000) refers (Special) to rtexit2.o(.ARM.Collect$$rtexit$$00000003) for __rt_exit_ls
    rtexit.o(.ARM.Collect$$rtexit$$00000000) refers (Special) to rtexit2.o(.ARM.Collect$$rtexit$$00000002) for __rt_exit_prels_1
    rtexit.o(.ARM.exidx) refers (Special) to rtexit2.o(.ARM.Collect$$rtexit$$00000004) for __rt_exit_exit
    rtexit.o(.ARM.exidx) refers (Special) to rtexit2.o(.ARM.Collect$$rtexit$$00000003) for __rt_exit_ls
    rtexit.o(.ARM.exidx) refers (Special) to rtexit2.o(.ARM.Collect$$rtexit$$00000002) for __rt_exit_prels_1
    rtexit.o(.ARM.exidx) refers to rtexit.o(.ARM.Collect$$rtexit$$00000000) for .ARM.Collect$$rtexit$$00000000
    rt_raise.o(.text) refers to __raise.o(.text) for __raise
    rt_raise.o(.text) refers to sys_exit.o(.text) for _sys_exit
    defsig_exit.o(.text) refers to sys_exit.o(.text) for _sys_exit
    defsig_fpe_inner.o(.text) refers to defsig_general.o(.text) for __default_signal_display
    libinit2.o(.ARM.Collect$$libinit$$0000000D) refers (Weak) to rt_locale_intlibspace.o(.text) for __rt_locale
    libinit2.o(.ARM.Collect$$libinit$$0000000E) refers to libinit2.o(.ARM.Collect$$libinit$$0000000D) for .ARM.Collect$$libinit$$0000000D
    libinit2.o(.ARM.Collect$$libinit$$00000010) refers to libinit2.o(.ARM.Collect$$libinit$$0000000D) for .ARM.Collect$$libinit$$0000000D
    libinit2.o(.ARM.Collect$$libinit$$00000010) refers (Weak) to lc_ctype_c.o(locale$$code) for _get_lc_ctype
    libinit2.o(.ARM.Collect$$libinit$$00000012) refers to libinit2.o(.ARM.Collect$$libinit$$0000000D) for .ARM.Collect$$libinit$$0000000D
    libinit2.o(.ARM.Collect$$libinit$$00000014) refers to libinit2.o(.ARM.Collect$$libinit$$0000000D) for .ARM.Collect$$libinit$$0000000D
    libinit2.o(.ARM.Collect$$libinit$$00000016) refers to libinit2.o(.ARM.Collect$$libinit$$0000000D) for .ARM.Collect$$libinit$$0000000D
    libinit2.o(.ARM.Collect$$libinit$$00000024) refers to argv_veneer.o(.emb_text) for __ARM_argv_veneer
    libinit2.o(.ARM.Collect$$libinit$$00000025) refers to argv_veneer.o(.emb_text) for __ARM_argv_veneer
    trapv.o(x$fpl$trapveneer) refers (Special) to usenofp.o(x$fpl$usenofp) for __I$use$fp
    sys_exit.o(.text) refers (Special) to use_no_semi.o(.text) for __I$use$semihosting
    sys_exit.o(.text) refers (Special) to indicate_semi.o(.text) for __semihosting_library_function
    rtexit2.o(.ARM.Collect$$rtexit$$00000003) refers to libshutdown.o(.ARM.Collect$$libshutdown$$00000000) for __rt_lib_shutdown
    rtexit2.o(.ARM.Collect$$rtexit$$00000004) refers to sys_exit.o(.text) for _sys_exit
    rtexit2.o(.ARM.exidx) refers to rtexit2.o(.ARM.Collect$$rtexit$$00000001) for .ARM.Collect$$rtexit$$00000001
    rtexit2.o(.ARM.exidx) refers to rtexit2.o(.ARM.Collect$$rtexit$$00000003) for .ARM.Collect$$rtexit$$00000003
    rtexit2.o(.ARM.exidx) refers to rtexit2.o(.ARM.Collect$$rtexit$$00000004) for .ARM.Collect$$rtexit$$00000004
    __raise.o(.text) refers to defsig.o(CL$$defsig) for __default_signal_handler
    defsig_general.o(.text) refers to sys_wrch.o(.text) for _ttywrch
    argv_veneer.o(.emb_text) refers to no_argv.o(.text) for __ARM_get_argv
    sys_wrch.o(.text) refers (Special) to use_no_semi.o(.text) for __I$use$semihosting
    sys_wrch.o(.text) refers (Special) to indicate_semi.o(.text) for __semihosting_library_function
    defsig.o(CL$$defsig) refers to defsig_fpe_inner.o(.text) for __rt_SIGFPE_inner
    defsig.o(CL$$defsig) refers to defsig_rtmem_inner.o(.text) for __rt_SIGRTMEM_inner
    _get_argv_nomalloc.o(.text) refers (Special) to hrguard.o(.text) for __heap_region$guard
    _get_argv_nomalloc.o(.text) refers to defsig_rtmem_outer.o(.text) for __rt_SIGRTMEM
    _get_argv_nomalloc.o(.text) refers to sys_command.o(.text) for _sys_command_string
    libshutdown.o(.ARM.Collect$$libshutdown$$00000000) refers (Special) to libshutdown2.o(.ARM.Collect$$libshutdown$$00000006) for __rt_lib_shutdown_fp_trap_1
    libshutdown.o(.ARM.Collect$$libshutdown$$00000000) refers (Special) to libshutdown2.o(.ARM.Collect$$libshutdown$$0000000E) for __rt_lib_shutdown_heap_1
    libshutdown.o(.ARM.Collect$$libshutdown$$00000000) refers (Special) to libshutdown2.o(.ARM.Collect$$libshutdown$$0000000F) for __rt_lib_shutdown_return
    libshutdown.o(.ARM.Collect$$libshutdown$$00000000) refers (Special) to libshutdown2.o(.ARM.Collect$$libshutdown$$00000009) for __rt_lib_shutdown_signal_1
    libshutdown.o(.ARM.Collect$$libshutdown$$00000000) refers (Special) to libshutdown2.o(.ARM.Collect$$libshutdown$$00000003) for __rt_lib_shutdown_stdio_1
    libshutdown.o(.ARM.Collect$$libshutdown$$00000000) refers (Special) to libshutdown2.o(.ARM.Collect$$libshutdown$$0000000B) for __rt_lib_shutdown_user_alloc_1
    sys_command.o(.text) refers (Special) to use_no_semi.o(.text) for __I$use$semihosting
    sys_command.o(.text) refers (Special) to indicate_semi.o(.text) for __semihosting_library_function
    defsig_abrt_inner.o(.text) refers to defsig_general.o(.text) for __default_signal_display
    defsig_rtred_inner.o(.text) refers to defsig_general.o(.text) for __default_signal_display
    defsig_rtmem_inner.o(.text) refers to defsig_general.o(.text) for __default_signal_display
    defsig_rtmem_outer.o(.text) refers to defsig_rtmem_inner.o(.text) for __rt_SIGRTMEM_inner
    defsig_rtmem_outer.o(.text) refers to defsig_exit.o(.text) for __sig_exit
    defsig_rtmem_formal.o(.text) refers to rt_raise.o(.text) for __rt_raise
    defsig_stak_inner.o(.text) refers to defsig_general.o(.text) for __default_signal_display
    defsig_pvfn_inner.o(.text) refers to defsig_general.o(.text) for __default_signal_display
    defsig_cppl_inner.o(.text) refers to defsig_general.o(.text) for __default_signal_display
    defsig_segv_inner.o(.text) refers to defsig_general.o(.text) for __default_signal_display
    defsig_other.o(.text) refers to defsig_general.o(.text) for __default_signal_display


==============================================================================

Removing Unused input sections from the image.

    Removing system_lpc17xx.o(.rev16_text), (4 bytes).
    Removing system_lpc17xx.o(.revsh_text), (4 bytes).
    Removing ultrasonidos.o(.rev16_text), (4 bytes).
    Removing ultrasonidos.o(.revsh_text), (4 bytes).
    Removing glcd.o(.rev16_text), (4 bytes).
    Removing glcd.o(.revsh_text), (4 bytes).

6 unused section(s) (total 24 bytes) removed from the image.

==============================================================================

Image Symbol Table

    Local Symbols

    Symbol Name                              Value     Ov Type        Size  Object(Section)

    RESET                                    0x00000000   Section      204  startup_lpc17xx.o(RESET)
    ../clib/angel/boardlib.s                 0x00000000   Number         0  boardshut.o ABSOLUTE
    ../clib/angel/boardlib.s                 0x00000000   Number         0  boardinit3.o ABSOLUTE
    ../clib/angel/boardlib.s                 0x00000000   Number         0  boardinit2.o ABSOLUTE
    ../clib/angel/boardlib.s                 0x00000000   Number         0  boardinit1.o ABSOLUTE
    ../clib/angel/handlers.s                 0x00000000   Number         0  __scatter_copy.o ABSOLUTE
    ../clib/angel/handlers.s                 0x00000000   Number         0  __scatter_zi.o ABSOLUTE
    ../clib/angel/kernel.s                   0x00000000   Number         0  rtentry2.o ABSOLUTE
    ../clib/angel/kernel.s                   0x00000000   Number         0  rtentry.o ABSOLUTE
    ../clib/angel/kernel.s                   0x00000000   Number         0  rtexit.o ABSOLUTE
    ../clib/angel/kernel.s                   0x00000000   Number         0  rtentry4.o ABSOLUTE
    ../clib/angel/kernel.s                   0x00000000   Number         0  rtexit2.o ABSOLUTE
    ../clib/angel/rt.s                       0x00000000   Number         0  rt_ctype_table.o ABSOLUTE
    ../clib/angel/rt.s                       0x00000000   Number         0  rt_errno_addr.o ABSOLUTE
    ../clib/angel/rt.s                       0x00000000   Number         0  aeabi_ldiv0.o ABSOLUTE
    ../clib/angel/rt.s                       0x00000000   Number         0  aeabi_ldiv0_sigfpe.o ABSOLUTE
    ../clib/angel/rt.s                       0x00000000   Number         0  rt_locale.o ABSOLUTE
    ../clib/angel/rt.s                       0x00000000   Number         0  rt_div0.o ABSOLUTE
    ../clib/angel/rt.s                       0x00000000   Number         0  rt_locale_intlibspace.o ABSOLUTE
    ../clib/angel/rt.s                       0x00000000   Number         0  rt_errno_addr_intlibspace.o ABSOLUTE
    ../clib/angel/rt.s                       0x00000000   Number         0  rt_raise.o ABSOLUTE
    ../clib/angel/scatter.s                  0x00000000   Number         0  __scatter.o ABSOLUTE
    ../clib/angel/startup.s                  0x00000000   Number         0  __main.o ABSOLUTE
    ../clib/angel/sys.s                      0x00000000   Number         0  libspace.o ABSOLUTE
    ../clib/angel/sys.s                      0x00000000   Number         0  sys_stackheap_outer.o ABSOLUTE
    ../clib/angel/sys.s                      0x00000000   Number         0  use_no_semi.o ABSOLUTE
    ../clib/angel/sys.s                      0x00000000   Number         0  indicate_semi.o ABSOLUTE
    ../clib/angel/sysapp.c                   0x00000000   Number         0  sys_wrch.o ABSOLUTE
    ../clib/angel/sysapp.c                   0x00000000   Number         0  sys_exit.o ABSOLUTE
    ../clib/angel/sysapp.c                   0x00000000   Number         0  sys_command.o ABSOLUTE
    ../clib/armsys.c                         0x00000000   Number         0  argv_veneer.o ABSOLUTE
    ../clib/armsys.c                         0x00000000   Number         0  argv_veneer.o ABSOLUTE
    ../clib/armsys.c                         0x00000000   Number         0  no_argv.o ABSOLUTE
    ../clib/armsys.c                         0x00000000   Number         0  _get_argv_nomalloc.o ABSOLUTE
    ../clib/fenv.c                           0x00000000   Number         0  _rserrno.o ABSOLUTE
    ../clib/heapalloc.c                      0x00000000   Number         0  hrguard.o ABSOLUTE
    ../clib/heapaux.c                        0x00000000   Number         0  heapauxi.o ABSOLUTE
    ../clib/libinit.s                        0x00000000   Number         0  libinit.o ABSOLUTE
    ../clib/libinit.s                        0x00000000   Number         0  libshutdown2.o ABSOLUTE
    ../clib/libinit.s                        0x00000000   Number         0  libshutdown.o ABSOLUTE
    ../clib/libinit.s                        0x00000000   Number         0  libinit2.o ABSOLUTE
    ../clib/locale.s                         0x00000000   Number         0  lc_ctype_c.o ABSOLUTE
    ../clib/longlong.s                       0x00000000   Number         0  lludivv7m.o ABSOLUTE
    ../clib/memcpset.s                       0x00000000   Number         0  rt_memcpy_v6.o ABSOLUTE
    ../clib/memcpset.s                       0x00000000   Number         0  rt_memcpy_w.o ABSOLUTE
    ../clib/memcpset.s                       0x00000000   Number         0  strcmpv7m.o ABSOLUTE
    ../clib/printf.c                         0x00000000   Number         0  __printf_nopercent.o ABSOLUTE
    ../clib/printf.c                         0x00000000   Number         0  __printf_flags_ss_wp.o ABSOLUTE
    ../clib/printf.c                         0x00000000   Number         0  _sputc.o ABSOLUTE
    ../clib/printf.c                         0x00000000   Number         0  _printf_char_common.o ABSOLUTE
    ../clib/printf.c                         0x00000000   Number         0  _printf_intcommon.o ABSOLUTE
    ../clib/printf.c                         0x00000000   Number         0  __2sprintf.o ABSOLUTE
    ../clib/printf.c                         0x00000000   Number         0  __printf.o ABSOLUTE
    ../clib/printf.c                         0x00000000   Number         0  _printf_dec.o ABSOLUTE
    ../clib/printf.c                         0x00000000   Number         0  __printf_flags.o ABSOLUTE
    ../clib/printf.c                         0x00000000   Number         0  __printf_ss.o ABSOLUTE
    ../clib/printf.c                         0x00000000   Number         0  __printf_flags_ss.o ABSOLUTE
    ../clib/printf.c                         0x00000000   Number         0  __printf_wp.o ABSOLUTE
    ../clib/printf.c                         0x00000000   Number         0  __printf_flags_wp.o ABSOLUTE
    ../clib/printf.c                         0x00000000   Number         0  __printf_ss_wp.o ABSOLUTE
    ../clib/printf.c                         0x00000000   Number         0  noretval__2sprintf.o ABSOLUTE
    ../clib/printf_percent.s                 0x00000000   Number         0  _printf_percent.o ABSOLUTE
    ../clib/printf_percent.s                 0x00000000   Number         0  _printf_d.o ABSOLUTE
    ../clib/printf_percent.s                 0x00000000   Number         0  _printf_percent_end.o ABSOLUTE
    ../clib/scanf.c                          0x00000000   Number         0  atoi.o ABSOLUTE
    ../clib/scanf.c                          0x00000000   Number         0  _strtoul.o ABSOLUTE
    ../clib/scanf.c                          0x00000000   Number         0  _chval.o ABSOLUTE
    ../clib/scanf.c                          0x00000000   Number         0  strtol.o ABSOLUTE
    ../clib/signal.c                         0x00000000   Number         0  defsig_general.o ABSOLUTE
    ../clib/signal.c                         0x00000000   Number         0  __raise.o ABSOLUTE
    ../clib/signal.c                         0x00000000   Number         0  defsig_pvfn_inner.o ABSOLUTE
    ../clib/signal.c                         0x00000000   Number         0  defsig_exit.o ABSOLUTE
    ../clib/signal.c                         0x00000000   Number         0  defsig_fpe_inner.o ABSOLUTE
    ../clib/signal.c                         0x00000000   Number         0  defsig_other.o ABSOLUTE
    ../clib/signal.c                         0x00000000   Number         0  defsig_segv_inner.o ABSOLUTE
    ../clib/signal.c                         0x00000000   Number         0  defsig_cppl_inner.o ABSOLUTE
    ../clib/signal.c                         0x00000000   Number         0  defsig_stak_inner.o ABSOLUTE
    ../clib/signal.c                         0x00000000   Number         0  defsig_rtmem_formal.o ABSOLUTE
    ../clib/signal.c                         0x00000000   Number         0  defsig_rtmem_outer.o ABSOLUTE
    ../clib/signal.c                         0x00000000   Number         0  defsig_rtmem_inner.o ABSOLUTE
    ../clib/signal.c                         0x00000000   Number         0  defsig_fpe_formal.o ABSOLUTE
    ../clib/signal.c                         0x00000000   Number         0  defsig_fpe_outer.o ABSOLUTE
    ../clib/signal.c                         0x00000000   Number         0  defsig_rtred_inner.o ABSOLUTE
    ../clib/signal.c                         0x00000000   Number         0  defsig_abrt_inner.o ABSOLUTE
    ../clib/signal.s                         0x00000000   Number         0  defsig.o ABSOLUTE
    ../clib/stdlib.c                         0x00000000   Number         0  exit.o ABSOLUTE
    ../fplib/d2f.s                           0x00000000   Number         0  d2f.o ABSOLUTE
    ../fplib/daddsub.s                       0x00000000   Number         0  daddsub_clz.o ABSOLUTE
    ../fplib/dcheck1.s                       0x00000000   Number         0  dcheck1.o ABSOLUTE
    ../fplib/ddiv.s                          0x00000000   Number         0  ddiv.o ABSOLUTE
    ../fplib/dfix.s                          0x00000000   Number         0  dfix.o ABSOLUTE
    ../fplib/dfixu.s                         0x00000000   Number         0  dfixu.o ABSOLUTE
    ../fplib/dflt.s                          0x00000000   Number         0  dflt_clz.o ABSOLUTE
    ../fplib/dmul.s                          0x00000000   Number         0  dmul.o ABSOLUTE
    ../fplib/dnaninf.s                       0x00000000   Number         0  dnaninf.o ABSOLUTE
    ../fplib/dretinf.s                       0x00000000   Number         0  dretinf.o ABSOLUTE
    ../fplib/f2d.s                           0x00000000   Number         0  f2d.o ABSOLUTE
    ../fplib/faddsub.s                       0x00000000   Number         0  faddsub_clz.o ABSOLUTE
    ../fplib/fcmpi.s                         0x00000000   Number         0  fcmpi.o ABSOLUTE
    ../fplib/fdiv.s                          0x00000000   Number         0  fdiv.o ABSOLUTE
    ../fplib/ffixu.s                         0x00000000   Number         0  ffixu.o ABSOLUTE
    ../fplib/fflt.s                          0x00000000   Number         0  fflt_clz.o ABSOLUTE
    ../fplib/fleqf.s                         0x00000000   Number         0  fleqf.o ABSOLUTE
    ../fplib/fmul.s                          0x00000000   Number         0  fmul.o ABSOLUTE
    ../fplib/fnaninf.s                       0x00000000   Number         0  fnaninf.o ABSOLUTE
    ../fplib/fpinit.s                        0x00000000   Number         0  fpinit.o ABSOLUTE
    ../fplib/fretinf.s                       0x00000000   Number         0  fretinf.o ABSOLUTE
    ../fplib/frleqf.s                        0x00000000   Number         0  frleqf.o ABSOLUTE
    ../fplib/retnan.s                        0x00000000   Number         0  retnan.o ABSOLUTE
    ../fplib/scalbn.s                        0x00000000   Number         0  scalbn.o ABSOLUTE
    ../fplib/trapv.s                         0x00000000   Number         0  trapv.o ABSOLUTE
    ../fplib/usenofp.s                       0x00000000   Number         0  usenofp.o ABSOLUTE
    ../mathlib/cos_i.c                       0x00000000   Number         0  cos_i.o ABSOLUTE
    ../mathlib/dunder.c                      0x00000000   Number         0  dunder.o ABSOLUTE
    ../mathlib/fpclassify.c                  0x00000000   Number         0  fpclassify.o ABSOLUTE
    ../mathlib/poly.c                        0x00000000   Number         0  poly.o ABSOLUTE
    ../mathlib/rred.c                        0x00000000   Number         0  rred.o ABSOLUTE
    ../mathlib/sin.c                         0x00000000   Number         0  sin_x.o ABSOLUTE
    ../mathlib/sin.c                         0x00000000   Number         0  sin.o ABSOLUTE
    ../mathlib/sin_i.c                       0x00000000   Number         0  sin_i_x.o ABSOLUTE
    ../mathlib/sin_i.c                       0x00000000   Number         0  sin_i.o ABSOLUTE
    AsciiLib.c                               0x00000000   Number         0  asciilib.o ABSOLUTE
    C:\Keil\ARM\Startup\NXP\LPC17xx\system_LPC17xx.c 0x00000000   Number         0  system_lpc17xx.o ABSOLUTE
    C:\\Keil\\ARM\\Startup\\NXP\\LPC17xx\\system_LPC17xx.c 0x00000000   Number         0  system_lpc17xx.o ABSOLUTE
    GLCD.c                                   0x00000000   Number         0  glcd.o ABSOLUTE
    GLCD.c                                   0x00000000   Number         0  glcd.o ABSOLUTE
    Ultrasonidos.c                           0x00000000   Number         0  ultrasonidos.o ABSOLUTE
    Ultrasonidos.c                           0x00000000   Number         0  ultrasonidos.o ABSOLUTE
    dc.s                                     0x00000000   Number         0  dc.o ABSOLUTE
    startup_LPC17xx.s                        0x00000000   Number         0  startup_lpc17xx.o ABSOLUTE
    !!!main                                  0x000000cc   Section        8  __main.o(!!!main)
    !!!scatter                               0x000000d4   Section       52  __scatter.o(!!!scatter)
    !!handler_copy                           0x00000108   Section       26  __scatter_copy.o(!!handler_copy)
    !!handler_zi                             0x00000124   Section       28  __scatter_zi.o(!!handler_zi)
    .ARM.Collect$$_printf_percent$$00000000  0x00000140   Section        0  _printf_percent.o(.ARM.Collect$$_printf_percent$$00000000)
    .ARM.Collect$$_printf_percent$$00000009  0x00000140   Section        6  _printf_d.o(.ARM.Collect$$_printf_percent$$00000009)
    .ARM.Collect$$_printf_percent$$00000017  0x00000146   Section        4  _printf_percent_end.o(.ARM.Collect$$_printf_percent$$00000017)
    .ARM.Collect$$libinit$$00000000          0x0000014a   Section        2  libinit.o(.ARM.Collect$$libinit$$00000000)
    .ARM.Collect$$libinit$$00000002          0x0000014c   Section        0  libinit2.o(.ARM.Collect$$libinit$$00000002)
    .ARM.Collect$$libinit$$00000008          0x0000014c   Section        0  libinit2.o(.ARM.Collect$$libinit$$00000008)
    .ARM.Collect$$libinit$$0000000A          0x0000014c   Section        0  libinit2.o(.ARM.Collect$$libinit$$0000000A)
    .ARM.Collect$$libinit$$0000000C          0x0000014c   Section        0  libinit2.o(.ARM.Collect$$libinit$$0000000C)
    .ARM.Collect$$libinit$$0000000D          0x0000014c   Section        6  libinit2.o(.ARM.Collect$$libinit$$0000000D)
    .ARM.Collect$$libinit$$0000000F          0x00000152   Section        0  libinit2.o(.ARM.Collect$$libinit$$0000000F)
    .ARM.Collect$$libinit$$00000010          0x00000152   Section       12  libinit2.o(.ARM.Collect$$libinit$$00000010)
    .ARM.Collect$$libinit$$00000011          0x0000015e   Section        0  libinit2.o(.ARM.Collect$$libinit$$00000011)
    .ARM.Collect$$libinit$$00000013          0x0000015e   Section        0  libinit2.o(.ARM.Collect$$libinit$$00000013)
    .ARM.Collect$$libinit$$00000015          0x0000015e   Section        0  libinit2.o(.ARM.Collect$$libinit$$00000015)
    .ARM.Collect$$libinit$$00000017          0x0000015e   Section        0  libinit2.o(.ARM.Collect$$libinit$$00000017)
    .ARM.Collect$$libinit$$00000019          0x0000015e   Section        0  libinit2.o(.ARM.Collect$$libinit$$00000019)
    .ARM.Collect$$libinit$$0000001B          0x0000015e   Section        0  libinit2.o(.ARM.Collect$$libinit$$0000001B)
    .ARM.Collect$$libinit$$0000001D          0x0000015e   Section        0  libinit2.o(.ARM.Collect$$libinit$$0000001D)
    .ARM.Collect$$libinit$$0000001F          0x0000015e   Section        0  libinit2.o(.ARM.Collect$$libinit$$0000001F)
    .ARM.Collect$$libinit$$00000021          0x0000015e   Section        0  libinit2.o(.ARM.Collect$$libinit$$00000021)
    .ARM.Collect$$libinit$$00000023          0x0000015e   Section        0  libinit2.o(.ARM.Collect$$libinit$$00000023)
    .ARM.Collect$$libinit$$0000002A          0x0000015e   Section        0  libinit2.o(.ARM.Collect$$libinit$$0000002A)
    .ARM.Collect$$libinit$$0000002C          0x0000015e   Section        0  libinit2.o(.ARM.Collect$$libinit$$0000002C)
    .ARM.Collect$$libinit$$0000002E          0x0000015e   Section        0  libinit2.o(.ARM.Collect$$libinit$$0000002E)
    .ARM.Collect$$libinit$$00000030          0x0000015e   Section        0  libinit2.o(.ARM.Collect$$libinit$$00000030)
    .ARM.Collect$$libinit$$00000031          0x0000015e   Section        2  libinit2.o(.ARM.Collect$$libinit$$00000031)
    .ARM.Collect$$libshutdown$$00000000      0x00000160   Section        2  libshutdown.o(.ARM.Collect$$libshutdown$$00000000)
    .ARM.Collect$$libshutdown$$00000003      0x00000162   Section        0  libshutdown2.o(.ARM.Collect$$libshutdown$$00000003)
    .ARM.Collect$$libshutdown$$00000006      0x00000162   Section        0  libshutdown2.o(.ARM.Collect$$libshutdown$$00000006)
    .ARM.Collect$$libshutdown$$00000009      0x00000162   Section        0  libshutdown2.o(.ARM.Collect$$libshutdown$$00000009)
    .ARM.Collect$$libshutdown$$0000000B      0x00000162   Section        0  libshutdown2.o(.ARM.Collect$$libshutdown$$0000000B)
    .ARM.Collect$$libshutdown$$0000000E      0x00000162   Section        0  libshutdown2.o(.ARM.Collect$$libshutdown$$0000000E)
    .ARM.Collect$$libshutdown$$0000000F      0x00000162   Section        2  libshutdown2.o(.ARM.Collect$$libshutdown$$0000000F)
    .ARM.Collect$$rtentry$$00000000          0x00000164   Section        0  rtentry.o(.ARM.Collect$$rtentry$$00000000)
    .ARM.Collect$$rtentry$$00000002          0x00000164   Section        0  rtentry2.o(.ARM.Collect$$rtentry$$00000002)
    .ARM.Collect$$rtentry$$00000004          0x00000164   Section        6  rtentry4.o(.ARM.Collect$$rtentry$$00000004)
    .ARM.Collect$$rtentry$$00000009          0x0000016a   Section        0  rtentry2.o(.ARM.Collect$$rtentry$$00000009)
    .ARM.Collect$$rtentry$$0000000A          0x0000016a   Section        4  rtentry2.o(.ARM.Collect$$rtentry$$0000000A)
    .ARM.Collect$$rtentry$$0000000C          0x0000016e   Section        0  rtentry2.o(.ARM.Collect$$rtentry$$0000000C)
    .ARM.Collect$$rtentry$$0000000D          0x0000016e   Section        8  rtentry2.o(.ARM.Collect$$rtentry$$0000000D)
    .ARM.Collect$$rtexit$$00000000           0x00000176   Section        2  rtexit.o(.ARM.Collect$$rtexit$$00000000)
    .ARM.Collect$$rtexit$$00000002           0x00000178   Section        0  rtexit2.o(.ARM.Collect$$rtexit$$00000002)
    .ARM.Collect$$rtexit$$00000003           0x00000178   Section        4  rtexit2.o(.ARM.Collect$$rtexit$$00000003)
    .ARM.Collect$$rtexit$$00000004           0x0000017c   Section        6  rtexit2.o(.ARM.Collect$$rtexit$$00000004)
    .text                                    0x00000184   Section       60  startup_lpc17xx.o(.text)
    .text                                    0x000001c0   Section        0  asciilib.o(.text)
    .text                                    0x000001e0   Section      238  lludivv7m.o(.text)
    .text                                    0x000002d0   Section        0  noretval__2sprintf.o(.text)
    .text                                    0x000002f8   Section        2  use_no_semi.o(.text)
    .text                                    0x000002fa   Section        0  indicate_semi.o(.text)
    x$fpl$usenofp                            0x000002fa   Section        0  usenofp.o(x$fpl$usenofp)
    .ARM.__at_0x02FC                         0x000002fc   Section        4  startup_lpc17xx.o(.ARM.__at_0x02FC)
    .text                                    0x00000300   Section        0  system_lpc17xx.o(.text)
    .text                                    0x00000618   Section        0  ultrasonidos.o(.text)
    NVIC_SetPriority                         0x00000619   Thumb Code    32  ultrasonidos.o(.text)
    NVIC_EnableIRQ                           0x000012b9   Thumb Code    24  ultrasonidos.o(.text)
    NVIC_ClearPendingIRQ                     0x000012d1   Thumb Code    18  ultrasonidos.o(.text)
    .text                                    0x00001398   Section        0  glcd.o(.text)
    LCD_Configuration                        0x00001399   Thumb Code    44  glcd.o(.text)
    LCD_Send                                 0x000013c5   Thumb Code    38  glcd.o(.text)
    LCD_Read                                 0x000013eb   Thumb Code    64  glcd.o(.text)
    LCD_WriteIndex                           0x0000142b   Thumb Code    50  glcd.o(.text)
    LCD_WriteData                            0x0000145d   Thumb Code    46  glcd.o(.text)
    LCD_ReadData                             0x0000148b   Thumb Code    44  glcd.o(.text)
    LCD_WriteReg                             0x000014b7   Thumb Code    20  glcd.o(.text)
    LCD_ReadReg                              0x000014cb   Thumb Code    20  glcd.o(.text)
    LCD_SetCursor                            0x000014df   Thumb Code    82  glcd.o(.text)
    delay_ms                                 0x00001531   Thumb Code    30  glcd.o(.text)
    LCD_BGR2RGB                              0x000017ed   Thumb Code    26  glcd.o(.text)
    .text                                    0x00001a68   Section        0  __printf.o(.text)
    .text                                    0x00001ad0   Section        0  _printf_dec.o(.text)
    .text                                    0x00001b48   Section        0  atoi.o(.text)
    .text                                    0x00001b62   Section      138  rt_memcpy_v6.o(.text)
    .text                                    0x00001bec   Section      128  strcmpv7m.o(.text)
    .text                                    0x00001c6c   Section        0  heapauxi.o(.text)
    .text                                    0x00001c74   Section        8  rt_errno_addr_intlibspace.o(.text)
    .text                                    0x00001c7c   Section        0  _rserrno.o(.text)
    .text                                    0x00001c92   Section        0  _printf_intcommon.o(.text)
    .text                                    0x00001d4c   Section        0  _printf_char_common.o(.text)
    _printf_input_char                       0x00001d4d   Thumb Code    10  _printf_char_common.o(.text)
    .text                                    0x00001d7c   Section        0  _sputc.o(.text)
    .text                                    0x00001d86   Section        0  strtol.o(.text)
    .text                                    0x00001df6   Section      100  rt_memcpy_w.o(.text)
    .text                                    0x00001e5c   Section        8  libspace.o(.text)
    .text                                    0x00001e64   Section       16  rt_ctype_table.o(.text)
    .text                                    0x00001e74   Section        0  _strtoul.o(.text)
    .text                                    0x00001f12   Section       74  sys_stackheap_outer.o(.text)
    .text                                    0x00001f5c   Section        8  rt_locale_intlibspace.o(.text)
    .text                                    0x00001f64   Section        0  _chval.o(.text)
    .text                                    0x00001f80   Section        0  exit.o(.text)
    .text                                    0x00001f8c   Section        0  sys_exit.o(.text)
    i.__ARM_fpclassify                       0x00001f98   Section        0  fpclassify.o(i.__ARM_fpclassify)
    i.__ieee754_rem_pio2                     0x00001fc0   Section        0  rred.o(i.__ieee754_rem_pio2)
    i.__kernel_cos                           0x00002348   Section        0  cos_i.o(i.__kernel_cos)
    i.__kernel_poly                          0x00002444   Section        0  poly.o(i.__kernel_poly)
    i.__kernel_sin                           0x000024f0   Section        0  sin_i.o(i.__kernel_sin)
    i.__mathlib_dbl_underflow                0x000025dc   Section        0  dunder.o(i.__mathlib_dbl_underflow)
    i.sin                                    0x000025ec   Section        0  sin.o(i.sin)
    locale$$code                             0x0000269c   Section       44  lc_ctype_c.o(locale$$code)
    x$fpl$d2f                                0x000026c8   Section       98  d2f.o(x$fpl$d2f)
    x$fpl$dadd                               0x0000272c   Section      336  daddsub_clz.o(x$fpl$dadd)
    _dadd1                                   0x0000273d   Thumb Code     0  daddsub_clz.o(x$fpl$dadd)
    x$fpl$dcheck1                            0x0000287c   Section       16  dcheck1.o(x$fpl$dcheck1)
    x$fpl$ddiv                               0x0000288c   Section      688  ddiv.o(x$fpl$ddiv)
    ddiv_entry                               0x00002893   Thumb Code     0  ddiv.o(x$fpl$ddiv)
    x$fpl$dfix                               0x00002b3c   Section       94  dfix.o(x$fpl$dfix)
    x$fpl$dfixu                              0x00002b9c   Section       90  dfixu.o(x$fpl$dfixu)
    x$fpl$dflt                               0x00002bf6   Section       46  dflt_clz.o(x$fpl$dflt)
    x$fpl$dfltu                              0x00002c24   Section       38  dflt_clz.o(x$fpl$dfltu)
    x$fpl$dmul                               0x00002c4c   Section      340  dmul.o(x$fpl$dmul)
    x$fpl$dnaninf                            0x00002da0   Section      156  dnaninf.o(x$fpl$dnaninf)
    x$fpl$dretinf                            0x00002e3c   Section       12  dretinf.o(x$fpl$dretinf)
    x$fpl$drsb                               0x00002e48   Section       22  daddsub_clz.o(x$fpl$drsb)
    x$fpl$dsub                               0x00002e60   Section      468  daddsub_clz.o(x$fpl$dsub)
    _dsub1                                   0x00002e71   Thumb Code     0  daddsub_clz.o(x$fpl$dsub)
    x$fpl$f2d                                0x00003034   Section       86  f2d.o(x$fpl$f2d)
    x$fpl$fadd                               0x0000308c   Section      196  faddsub_clz.o(x$fpl$fadd)
    _fadd1                                   0x0000309b   Thumb Code     0  faddsub_clz.o(x$fpl$fadd)
    x$fpl$fcmpinf                            0x00003150   Section       24  fcmpi.o(x$fpl$fcmpinf)
    x$fpl$fdiv                               0x00003168   Section      388  fdiv.o(x$fpl$fdiv)
    _fdiv1                                   0x00003169   Thumb Code     0  fdiv.o(x$fpl$fdiv)
    x$fpl$ffixu                              0x000032ec   Section       62  ffixu.o(x$fpl$ffixu)
    x$fpl$ffltu                              0x0000332c   Section       38  fflt_clz.o(x$fpl$ffltu)
    x$fpl$fleqf                              0x00003354   Section      104  fleqf.o(x$fpl$fleqf)
    x$fpl$fmul                               0x000033bc   Section      258  fmul.o(x$fpl$fmul)
    x$fpl$fnaninf                            0x000034be   Section      140  fnaninf.o(x$fpl$fnaninf)
    x$fpl$fretinf                            0x0000354a   Section       10  fretinf.o(x$fpl$fretinf)
    x$fpl$frleqf                             0x00003554   Section       98  frleqf.o(x$fpl$frleqf)
    x$fpl$frsb                               0x000035b6   Section       20  faddsub_clz.o(x$fpl$frsb)
    x$fpl$fsub                               0x000035cc   Section      234  faddsub_clz.o(x$fpl$fsub)
    _fsub1                                   0x000035db   Thumb Code     0  faddsub_clz.o(x$fpl$fsub)
    x$fpl$retnan                             0x000036b6   Section      100  retnan.o(x$fpl$retnan)
    x$fpl$scalbn                             0x0000371a   Section       92  scalbn.o(x$fpl$scalbn)
    x$fpl$trapveneer                         0x00003776   Section       48  trapv.o(x$fpl$trapveneer)
    .constdata                               0x000037a8   Section    16101  ultrasonidos.o(.constdata)
    .constdata                               0x0000768d   Section     1520  asciilib.o(.constdata)
    AsciiLib                                 0x0000768d   Data        1520  asciilib.o(.constdata)
    .constdata                               0x00007c80   Section       48  cos_i.o(.constdata)
    C                                        0x00007c80   Data          48  cos_i.o(.constdata)
    .constdata                               0x00007cb0   Section      200  rred.o(.constdata)
    pio2s                                    0x00007cb0   Data          48  rred.o(.constdata)
    twooverpi                                0x00007ce0   Data         152  rred.o(.constdata)
    .constdata                               0x00007d78   Section       40  sin_i.o(.constdata)
    S                                        0x00007d78   Data          40  sin_i.o(.constdata)
    locale$$data                             0x00007dc0   Section      272  lc_ctype_c.o(locale$$data)
    __lcctype_c_name                         0x00007dc4   Data           2  lc_ctype_c.o(locale$$data)
    __lcctype_c_start                        0x00007dcc   Data           0  lc_ctype_c.o(locale$$data)
    __lcctype_c_end                          0x00007ed0   Data           0  lc_ctype_c.o(locale$$data)
    .data                                    0x10000000   Section        4  system_lpc17xx.o(.data)
    .data                                    0x10000004   Section       57  ultrasonidos.o(.data)
    contISP                                  0x1000002d   Data           1  ultrasonidos.o(.data)
    cont                                     0x1000002e   Data           1  ultrasonidos.o(.data)
    .data                                    0x1000003d   Section        1  glcd.o(.data)
    LCD_Code                                 0x1000003d   Data           1  glcd.o(.data)
    .bss                                     0x10000040   Section    32094  ultrasonidos.o(.bss)
    .bss                                     0x10007da0   Section       96  libspace.o(.bss)
    HEAP                                     0x10007e00   Section        0  startup_lpc17xx.o(HEAP)
    STACK                                    0x10007e00   Section      512  startup_lpc17xx.o(STACK)
    Heap_Mem                                 0x10007e00   Data           0  startup_lpc17xx.o(HEAP)
    Stack_Mem                                0x10007e00   Data         512  startup_lpc17xx.o(STACK)
    __initial_sp                             0x10008000   Data           0  startup_lpc17xx.o(STACK)

    Global Symbols

    Symbol Name                              Value     Ov Type        Size  Object(Section)

    BuildAttributes$$THM_ISAv4$P$D$K$B$S$PE$A:L22UL41UL21$X:L11$S22US41US21$IEEE1$IW$USESV6$~STKCKD$USESV7$~SHL$OTIME$ROPI$IEEEX$EBA8$UX$STANDARDLIB$REQ8$PRES8$EABIv2 0x00000000   Number         0  anon$$obj.o ABSOLUTE
    __ARM_use_no_argv                        0x00000000   Number         0  ultrasonidos.o ABSOLUTE
    __Vectors                                0x00000000   Data           4  startup_lpc17xx.o(RESET)
    __ARM_exceptions_init                     - Undefined Weak Reference
    __alloca_initialize                       - Undefined Weak Reference
    __cpp_initialize__aeabi_                  - Undefined Weak Reference
    __cxa_finalize                            - Undefined Weak Reference
    __sigvec_lookup                           - Undefined Weak Reference
    _atexit_init                              - Undefined Weak Reference
    _call_atexit_fns                          - Undefined Weak Reference
    _clock_init                               - Undefined Weak Reference
    _fp_trap_init                             - Undefined Weak Reference
    _fp_trap_shutdown                         - Undefined Weak Reference
    _get_lc_collate                           - Undefined Weak Reference
    _get_lc_monetary                          - Undefined Weak Reference
    _get_lc_numeric                           - Undefined Weak Reference
    _get_lc_time                              - Undefined Weak Reference
    _getenv_init                              - Undefined Weak Reference
    _handle_redirection                       - Undefined Weak Reference
    _init_alloc                               - Undefined Weak Reference
    _init_user_alloc                          - Undefined Weak Reference
    _initio                                   - Undefined Weak Reference
    _printf_post_padding                      - Undefined Weak Reference
    _printf_pre_padding                       - Undefined Weak Reference
    _printf_truncate_signed                   - Undefined Weak Reference
    _printf_truncate_unsigned                 - Undefined Weak Reference
    _rand_init                                - Undefined Weak Reference
    _signal_finish                            - Undefined Weak Reference
    _signal_init                              - Undefined Weak Reference
    _terminate_alloc                          - Undefined Weak Reference
    _terminate_user_alloc                     - Undefined Weak Reference
    _terminateio                              - Undefined Weak Reference
    __main                                   0x000000cd   Thumb Code     8  __main.o(!!!main)
    __scatterload                            0x000000d5   Thumb Code     0  __scatter.o(!!!scatter)
    __scatterload_rt2                        0x000000d5   Thumb Code    44  __scatter.o(!!!scatter)
    __scatterload_rt2_thumb_only             0x000000d5   Thumb Code     0  __scatter.o(!!!scatter)
    __scatterload_null                       0x000000e3   Thumb Code     0  __scatter.o(!!!scatter)
    __scatterload_copy                       0x00000109   Thumb Code    26  __scatter_copy.o(!!handler_copy)
    __scatterload_zeroinit                   0x00000125   Thumb Code    28  __scatter_zi.o(!!handler_zi)
    _printf_d                                0x00000141   Thumb Code     0  _printf_d.o(.ARM.Collect$$_printf_percent$$00000009)
    _printf_percent                          0x00000141   Thumb Code     0  _printf_percent.o(.ARM.Collect$$_printf_percent$$00000000)
    _printf_percent_end                      0x00000147   Thumb Code     0  _printf_percent_end.o(.ARM.Collect$$_printf_percent$$00000017)
    __rt_lib_init                            0x0000014b   Thumb Code     0  libinit.o(.ARM.Collect$$libinit$$00000000)
    __rt_lib_init_fp_1                       0x0000014d   Thumb Code     0  libinit2.o(.ARM.Collect$$libinit$$00000002)
    __rt_lib_init_heap_1                     0x0000014d   Thumb Code     0  libinit2.o(.ARM.Collect$$libinit$$00000008)
    __rt_lib_init_lc_common                  0x0000014d   Thumb Code     0  libinit2.o(.ARM.Collect$$libinit$$0000000D)
    __rt_lib_init_rand_1                     0x0000014d   Thumb Code     0  libinit2.o(.ARM.Collect$$libinit$$0000000C)
    __rt_lib_init_user_alloc_1               0x0000014d   Thumb Code     0  libinit2.o(.ARM.Collect$$libinit$$0000000A)
    __rt_lib_init_lc_collate_1               0x00000153   Thumb Code     0  libinit2.o(.ARM.Collect$$libinit$$0000000F)
    __rt_lib_init_lc_ctype_2                 0x00000153   Thumb Code     0  libinit2.o(.ARM.Collect$$libinit$$00000010)
    __rt_lib_init_alloca_1                   0x0000015f   Thumb Code     0  libinit2.o(.ARM.Collect$$libinit$$0000002C)
    __rt_lib_init_argv_1                     0x0000015f   Thumb Code     0  libinit2.o(.ARM.Collect$$libinit$$0000002A)
    __rt_lib_init_atexit_1                   0x0000015f   Thumb Code     0  libinit2.o(.ARM.Collect$$libinit$$00000019)
    __rt_lib_init_clock_1                    0x0000015f   Thumb Code     0  libinit2.o(.ARM.Collect$$libinit$$0000001F)
    __rt_lib_init_cpp_1                      0x0000015f   Thumb Code     0  libinit2.o(.ARM.Collect$$libinit$$00000030)
    __rt_lib_init_exceptions_1               0x0000015f   Thumb Code     0  libinit2.o(.ARM.Collect$$libinit$$0000002E)
    __rt_lib_init_fp_trap_1                  0x0000015f   Thumb Code     0  libinit2.o(.ARM.Collect$$libinit$$0000001D)
    __rt_lib_init_getenv_1                   0x0000015f   Thumb Code     0  libinit2.o(.ARM.Collect$$libinit$$00000021)
    __rt_lib_init_lc_ctype_1                 0x0000015f   Thumb Code     0  libinit2.o(.ARM.Collect$$libinit$$00000011)
    __rt_lib_init_lc_monetary_1              0x0000015f   Thumb Code     0  libinit2.o(.ARM.Collect$$libinit$$00000013)
    __rt_lib_init_lc_numeric_1               0x0000015f   Thumb Code     0  libinit2.o(.ARM.Collect$$libinit$$00000015)
    __rt_lib_init_lc_time_1                  0x0000015f   Thumb Code     0  libinit2.o(.ARM.Collect$$libinit$$00000017)
    __rt_lib_init_return                     0x0000015f   Thumb Code     0  libinit2.o(.ARM.Collect$$libinit$$00000031)
    __rt_lib_init_signal_1                   0x0000015f   Thumb Code     0  libinit2.o(.ARM.Collect$$libinit$$0000001B)
    __rt_lib_init_stdio_1                    0x0000015f   Thumb Code     0  libinit2.o(.ARM.Collect$$libinit$$00000023)
    __rt_lib_shutdown                        0x00000161   Thumb Code     0  libshutdown.o(.ARM.Collect$$libshutdown$$00000000)
    __rt_lib_shutdown_fp_trap_1              0x00000163   Thumb Code     0  libshutdown2.o(.ARM.Collect$$libshutdown$$00000006)
    __rt_lib_shutdown_heap_1                 0x00000163   Thumb Code     0  libshutdown2.o(.ARM.Collect$$libshutdown$$0000000E)
    __rt_lib_shutdown_return                 0x00000163   Thumb Code     0  libshutdown2.o(.ARM.Collect$$libshutdown$$0000000F)
    __rt_lib_shutdown_signal_1               0x00000163   Thumb Code     0  libshutdown2.o(.ARM.Collect$$libshutdown$$00000009)
    __rt_lib_shutdown_stdio_1                0x00000163   Thumb Code     0  libshutdown2.o(.ARM.Collect$$libshutdown$$00000003)
    __rt_lib_shutdown_user_alloc_1           0x00000163   Thumb Code     0  libshutdown2.o(.ARM.Collect$$libshutdown$$0000000B)
    __rt_entry                               0x00000165   Thumb Code     0  rtentry.o(.ARM.Collect$$rtentry$$00000000)
    __rt_entry_presh_1                       0x00000165   Thumb Code     0  rtentry2.o(.ARM.Collect$$rtentry$$00000002)
    __rt_entry_sh                            0x00000165   Thumb Code     0  rtentry4.o(.ARM.Collect$$rtentry$$00000004)
    __rt_entry_li                            0x0000016b   Thumb Code     0  rtentry2.o(.ARM.Collect$$rtentry$$0000000A)
    __rt_entry_postsh_1                      0x0000016b   Thumb Code     0  rtentry2.o(.ARM.Collect$$rtentry$$00000009)
    __rt_entry_main                          0x0000016f   Thumb Code     0  rtentry2.o(.ARM.Collect$$rtentry$$0000000D)
    __rt_entry_postli_1                      0x0000016f   Thumb Code     0  rtentry2.o(.ARM.Collect$$rtentry$$0000000C)
    __rt_exit                                0x00000177   Thumb Code     0  rtexit.o(.ARM.Collect$$rtexit$$00000000)
    __rt_exit_ls                             0x00000179   Thumb Code     0  rtexit2.o(.ARM.Collect$$rtexit$$00000003)
    __rt_exit_prels_1                        0x00000179   Thumb Code     0  rtexit2.o(.ARM.Collect$$rtexit$$00000002)
    __rt_exit_exit                           0x0000017d   Thumb Code     0  rtexit2.o(.ARM.Collect$$rtexit$$00000004)
    Reset_Handler                            0x00000185   Thumb Code     8  startup_lpc17xx.o(.text)
    NMI_Handler                              0x0000018d   Thumb Code     2  startup_lpc17xx.o(.text)
    HardFault_Handler                        0x0000018f   Thumb Code     2  startup_lpc17xx.o(.text)
    MemManage_Handler                        0x00000191   Thumb Code     2  startup_lpc17xx.o(.text)
    BusFault_Handler                         0x00000193   Thumb Code     2  startup_lpc17xx.o(.text)
    UsageFault_Handler                       0x00000195   Thumb Code     2  startup_lpc17xx.o(.text)
    SVC_Handler                              0x00000197   Thumb Code     2  startup_lpc17xx.o(.text)
    DebugMon_Handler                         0x00000199   Thumb Code     2  startup_lpc17xx.o(.text)
    PendSV_Handler                           0x0000019b   Thumb Code     2  startup_lpc17xx.o(.text)
    ADC_IRQHandler                           0x0000019f   Thumb Code     0  startup_lpc17xx.o(.text)
    BOD_IRQHandler                           0x0000019f   Thumb Code     0  startup_lpc17xx.o(.text)
    CANActivity_IRQHandler                   0x0000019f   Thumb Code     0  startup_lpc17xx.o(.text)
    CAN_IRQHandler                           0x0000019f   Thumb Code     0  startup_lpc17xx.o(.text)
    DMA_IRQHandler                           0x0000019f   Thumb Code     0  startup_lpc17xx.o(.text)
    EINT3_IRQHandler                         0x0000019f   Thumb Code     0  startup_lpc17xx.o(.text)
    ENET_IRQHandler                          0x0000019f   Thumb Code     0  startup_lpc17xx.o(.text)
    I2C0_IRQHandler                          0x0000019f   Thumb Code     0  startup_lpc17xx.o(.text)
    I2C1_IRQHandler                          0x0000019f   Thumb Code     0  startup_lpc17xx.o(.text)
    I2C2_IRQHandler                          0x0000019f   Thumb Code     0  startup_lpc17xx.o(.text)
    I2S_IRQHandler                           0x0000019f   Thumb Code     0  startup_lpc17xx.o(.text)
    MCPWM_IRQHandler                         0x0000019f   Thumb Code     0  startup_lpc17xx.o(.text)
    PLL0_IRQHandler                          0x0000019f   Thumb Code     0  startup_lpc17xx.o(.text)
    PLL1_IRQHandler                          0x0000019f   Thumb Code     0  startup_lpc17xx.o(.text)
    PWM1_IRQHandler                          0x0000019f   Thumb Code     0  startup_lpc17xx.o(.text)
    QEI_IRQHandler                           0x0000019f   Thumb Code     0  startup_lpc17xx.o(.text)
    RIT_IRQHandler                           0x0000019f   Thumb Code     0  startup_lpc17xx.o(.text)
    RTC_IRQHandler                           0x0000019f   Thumb Code     0  startup_lpc17xx.o(.text)
    SPI_IRQHandler                           0x0000019f   Thumb Code     0  startup_lpc17xx.o(.text)
    SSP0_IRQHandler                          0x0000019f   Thumb Code     0  startup_lpc17xx.o(.text)
    SSP1_IRQHandler                          0x0000019f   Thumb Code     0  startup_lpc17xx.o(.text)
    TIMER1_IRQHandler                        0x0000019f   Thumb Code     0  startup_lpc17xx.o(.text)
    TIMER3_IRQHandler                        0x0000019f   Thumb Code     0  startup_lpc17xx.o(.text)
    UART1_IRQHandler                         0x0000019f   Thumb Code     0  startup_lpc17xx.o(.text)
    UART2_IRQHandler                         0x0000019f   Thumb Code     0  startup_lpc17xx.o(.text)
    UART3_IRQHandler                         0x0000019f   Thumb Code     0  startup_lpc17xx.o(.text)
    USBActivity_IRQHandler                   0x0000019f   Thumb Code     0  startup_lpc17xx.o(.text)
    USB_IRQHandler                           0x0000019f   Thumb Code     0  startup_lpc17xx.o(.text)
    WDT_IRQHandler                           0x0000019f   Thumb Code     0  startup_lpc17xx.o(.text)
    __user_initial_stackheap                 0x000001a1   Thumb Code     0  startup_lpc17xx.o(.text)
    GetASCIICode                             0x000001c1   Thumb Code    26  asciilib.o(.text)
    __aeabi_uldivmod                         0x000001e1   Thumb Code     0  lludivv7m.o(.text)
    _ll_udiv                                 0x000001e1   Thumb Code   238  lludivv7m.o(.text)
    __2sprintf                               0x000002d1   Thumb Code    34  noretval__2sprintf.o(.text)
    __I$use$semihosting                      0x000002f9   Thumb Code     0  use_no_semi.o(.text)
    __use_no_semihosting_swi                 0x000002f9   Thumb Code     2  use_no_semi.o(.text)
    __I$use$fp                               0x000002fa   Number         0  usenofp.o(x$fpl$usenofp)
    __semihosting_library_function           0x000002fb   Thumb Code     0  indicate_semi.o(.text)
    SystemCoreClockUpdate                    0x00000301   Thumb Code   424  system_lpc17xx.o(.text)
    SystemInit                               0x000004a9   Thumb Code   290  system_lpc17xx.o(.text)
    lee_key1                                 0x00000639   Thumb Code    44  ultrasonidos.o(.text)
    configIRQ                                0x00000665   Thumb Code   152  ultrasonidos.o(.text)
    config_SysTick                           0x000006fd   Thumb Code    86  ultrasonidos.o(.text)
    configPWM                                0x00000753   Thumb Code   130  ultrasonidos.o(.text)
    config_Timer2                            0x000007d5   Thumb Code   118  ultrasonidos.o(.text)
    TIMER2_IRQHandler                        0x0000084b   Thumb Code   254  ultrasonidos.o(.text)
    set_servo                                0x00000949   Thumb Code    92  ultrasonidos.o(.text)
    on_manual                                0x000009a5   Thumb Code    62  ultrasonidos.o(.text)
    off_manual                               0x000009e3   Thumb Code   220  ultrasonidos.o(.text)
    on_auto                                  0x00000abf   Thumb Code    18  ultrasonidos.o(.text)
    off_auto                                 0x00000ad1   Thumb Code    18  ultrasonidos.o(.text)
    EINT0_IRQHandler                         0x00000ae3   Thumb Code   102  ultrasonidos.o(.text)
    EINT1_IRQHandler                         0x00000b49   Thumb Code    92  ultrasonidos.o(.text)
    EINT2_IRQHandler                         0x00000ba5   Thumb Code    90  ultrasonidos.o(.text)
    SysTick_Handler                          0x00000bff   Thumb Code   200  ultrasonidos.o(.text)
    config_DAC_sonido                        0x00000cc7   Thumb Code    30  ultrasonidos.o(.text)
    config_Timer0_sonido                     0x00000ce5   Thumb Code   126  ultrasonidos.o(.text)
    TIMER0_IRQHandler                        0x00000d63   Thumb Code   124  ultrasonidos.o(.text)
    genera_muestras                          0x00000ddf   Thumb Code   114  ultrasonidos.o(.text)
    tx_cadena_UART0                          0x00000e51   Thumb Code    32  ultrasonidos.o(.text)
    menu_UART0                               0x00000e71   Thumb Code    10  ultrasonidos.o(.text)
    UART0_IRQHandler                         0x00000e7b   Thumb Code   238  ultrasonidos.o(.text)
    set_baudrate                             0x00000f69   Thumb Code   244  ultrasonidos.o(.text)
    config_UART0                             0x0000105d   Thumb Code   100  ultrasonidos.o(.text)
    main                                     0x000010c1   Thumb Code   504  ultrasonidos.o(.text)
    LCD_Initialization                       0x0000154f   Thumb Code   558  glcd.o(.text)
    LCD_Clear                                0x0000177d   Thumb Code   112  glcd.o(.text)
    LCD_GetPoint                             0x00001807   Thumb Code   136  glcd.o(.text)
    LCD_SetPoint                             0x0000188f   Thumb Code    40  glcd.o(.text)
    LCD_DrawLine                             0x000018b7   Thumb Code   250  glcd.o(.text)
    PutChar                                  0x000019b1   Thumb Code   100  glcd.o(.text)
    GUI_Text                                 0x00001a15   Thumb Code    80  glcd.o(.text)
    __printf                                 0x00001a69   Thumb Code   104  __printf.o(.text)
    _printf_int_dec                          0x00001ad1   Thumb Code   102  _printf_dec.o(.text)
    atoi                                     0x00001b49   Thumb Code    26  atoi.o(.text)
    __aeabi_memcpy                           0x00001b63   Thumb Code     0  rt_memcpy_v6.o(.text)
    __rt_memcpy                              0x00001b63   Thumb Code   138  rt_memcpy_v6.o(.text)
    _memcpy_lastbytes                        0x00001bc9   Thumb Code     0  rt_memcpy_v6.o(.text)
    strcmp                                   0x00001bed   Thumb Code   128  strcmpv7m.o(.text)
    __use_two_region_memory                  0x00001c6d   Thumb Code     2  heapauxi.o(.text)
    __rt_heap_escrow$2region                 0x00001c6f   Thumb Code     2  heapauxi.o(.text)
    __rt_heap_expand$2region                 0x00001c71   Thumb Code     2  heapauxi.o(.text)
    __aeabi_errno_addr                       0x00001c75   Thumb Code     8  rt_errno_addr_intlibspace.o(.text)
    __errno$intlibspace                      0x00001c75   Thumb Code     0  rt_errno_addr_intlibspace.o(.text)
    __rt_errno_addr$intlibspace              0x00001c75   Thumb Code     0  rt_errno_addr_intlibspace.o(.text)
    __read_errno                             0x00001c7d   Thumb Code    10  _rserrno.o(.text)
    __set_errno                              0x00001c87   Thumb Code    12  _rserrno.o(.text)
    _printf_int_common                       0x00001c93   Thumb Code   184  _printf_intcommon.o(.text)
    _printf_char_common                      0x00001d57   Thumb Code    32  _printf_char_common.o(.text)
    _sputc                                   0x00001d7d   Thumb Code    10  _sputc.o(.text)
    strtol                                   0x00001d87   Thumb Code   112  strtol.o(.text)
    __aeabi_memcpy4                          0x00001df7   Thumb Code     0  rt_memcpy_w.o(.text)
    __aeabi_memcpy8                          0x00001df7   Thumb Code     0  rt_memcpy_w.o(.text)
    __rt_memcpy_w                            0x00001df7   Thumb Code   100  rt_memcpy_w.o(.text)
    _memcpy_lastbytes_aligned                0x00001e3f   Thumb Code     0  rt_memcpy_w.o(.text)
    __user_libspace                          0x00001e5d   Thumb Code     8  libspace.o(.text)
    __user_perproc_libspace                  0x00001e5d   Thumb Code     0  libspace.o(.text)
    __user_perthread_libspace                0x00001e5d   Thumb Code     0  libspace.o(.text)
    __rt_ctype_table                         0x00001e65   Thumb Code    16  rt_ctype_table.o(.text)
    _strtoul                                 0x00001e75   Thumb Code   158  _strtoul.o(.text)
    __user_setup_stackheap                   0x00001f13   Thumb Code    74  sys_stackheap_outer.o(.text)
    __rt_locale                              0x00001f5d   Thumb Code     8  rt_locale_intlibspace.o(.text)
    _chval                                   0x00001f65   Thumb Code    28  _chval.o(.text)
    exit                                     0x00001f81   Thumb Code    12  exit.o(.text)
    _sys_exit                                0x00001f8d   Thumb Code     8  sys_exit.o(.text)
    __ARM_fpclassify                         0x00001f99   Thumb Code    40  fpclassify.o(i.__ARM_fpclassify)
    __ieee754_rem_pio2                       0x00001fc1   Thumb Code   832  rred.o(i.__ieee754_rem_pio2)
    __kernel_cos                             0x00002349   Thumb Code   230  cos_i.o(i.__kernel_cos)
    __kernel_poly                            0x00002445   Thumb Code   170  poly.o(i.__kernel_poly)
    __kernel_sin                             0x000024f1   Thumb Code   224  sin_i.o(i.__kernel_sin)
    __mathlib_dbl_underflow                  0x000025dd   Thumb Code    10  dunder.o(i.__mathlib_dbl_underflow)
    sin                                      0x000025ed   Thumb Code   166  sin.o(i.sin)
    _get_lc_ctype                            0x0000269d   Thumb Code    44  lc_ctype_c.o(locale$$code)
    __aeabi_d2f                              0x000026c9   Thumb Code     0  d2f.o(x$fpl$d2f)
    _d2f                                     0x000026c9   Thumb Code    98  d2f.o(x$fpl$d2f)
    __aeabi_dadd                             0x0000272d   Thumb Code     0  daddsub_clz.o(x$fpl$dadd)
    _dadd                                    0x0000272d   Thumb Code   332  daddsub_clz.o(x$fpl$dadd)
    __fpl_dcheck_NaN1                        0x0000287d   Thumb Code    10  dcheck1.o(x$fpl$dcheck1)
    __aeabi_ddiv                             0x0000288d   Thumb Code     0  ddiv.o(x$fpl$ddiv)
    _ddiv                                    0x0000288d   Thumb Code   552  ddiv.o(x$fpl$ddiv)
    __aeabi_d2iz                             0x00002b3d   Thumb Code     0  dfix.o(x$fpl$dfix)
    _dfix                                    0x00002b3d   Thumb Code    94  dfix.o(x$fpl$dfix)
    __aeabi_d2uiz                            0x00002b9d   Thumb Code     0  dfixu.o(x$fpl$dfixu)
    _dfixu                                   0x00002b9d   Thumb Code    90  dfixu.o(x$fpl$dfixu)
    __aeabi_i2d                              0x00002bf7   Thumb Code     0  dflt_clz.o(x$fpl$dflt)
    _dflt                                    0x00002bf7   Thumb Code    46  dflt_clz.o(x$fpl$dflt)
    __aeabi_ui2d                             0x00002c25   Thumb Code     0  dflt_clz.o(x$fpl$dfltu)
    _dfltu                                   0x00002c25   Thumb Code    38  dflt_clz.o(x$fpl$dfltu)
    __aeabi_dmul                             0x00002c4d   Thumb Code     0  dmul.o(x$fpl$dmul)
    _dmul                                    0x00002c4d   Thumb Code   332  dmul.o(x$fpl$dmul)
    __fpl_dnaninf                            0x00002da1   Thumb Code   156  dnaninf.o(x$fpl$dnaninf)
    __fpl_dretinf                            0x00002e3d   Thumb Code    12  dretinf.o(x$fpl$dretinf)
    __aeabi_drsub                            0x00002e49   Thumb Code     0  daddsub_clz.o(x$fpl$drsb)
    _drsb                                    0x00002e49   Thumb Code    22  daddsub_clz.o(x$fpl$drsb)
    __aeabi_dsub                             0x00002e61   Thumb Code     0  daddsub_clz.o(x$fpl$dsub)
    _dsub                                    0x00002e61   Thumb Code   464  daddsub_clz.o(x$fpl$dsub)
    __aeabi_f2d                              0x00003035   Thumb Code     0  f2d.o(x$fpl$f2d)
    _f2d                                     0x00003035   Thumb Code    86  f2d.o(x$fpl$f2d)
    __aeabi_fadd                             0x0000308d   Thumb Code     0  faddsub_clz.o(x$fpl$fadd)
    _fadd                                    0x0000308d   Thumb Code   196  faddsub_clz.o(x$fpl$fadd)
    __fpl_fcmp_Inf                           0x00003151   Thumb Code    24  fcmpi.o(x$fpl$fcmpinf)
    __aeabi_fdiv                             0x00003169   Thumb Code     0  fdiv.o(x$fpl$fdiv)
    _fdiv                                    0x00003169   Thumb Code   384  fdiv.o(x$fpl$fdiv)
    __aeabi_f2uiz                            0x000032ed   Thumb Code     0  ffixu.o(x$fpl$ffixu)
    _ffixu                                   0x000032ed   Thumb Code    62  ffixu.o(x$fpl$ffixu)
    __aeabi_ui2f                             0x0000332d   Thumb Code     0  fflt_clz.o(x$fpl$ffltu)
    _ffltu                                   0x0000332d   Thumb Code    38  fflt_clz.o(x$fpl$ffltu)
    __aeabi_cfcmple                          0x00003355   Thumb Code     0  fleqf.o(x$fpl$fleqf)
    _fcmple                                  0x00003355   Thumb Code   104  fleqf.o(x$fpl$fleqf)
    __fpl_fcmple_InfNaN                      0x000033a7   Thumb Code     0  fleqf.o(x$fpl$fleqf)
    __aeabi_fmul                             0x000033bd   Thumb Code     0  fmul.o(x$fpl$fmul)
    _fmul                                    0x000033bd   Thumb Code   258  fmul.o(x$fpl$fmul)
    __fpl_fnaninf                            0x000034bf   Thumb Code   140  fnaninf.o(x$fpl$fnaninf)
    __fpl_fretinf                            0x0000354b   Thumb Code    10  fretinf.o(x$fpl$fretinf)
    __aeabi_cfrcmple                         0x00003555   Thumb Code     0  frleqf.o(x$fpl$frleqf)
    _frcmple                                 0x00003555   Thumb Code    98  frleqf.o(x$fpl$frleqf)
    __aeabi_frsub                            0x000035b7   Thumb Code     0  faddsub_clz.o(x$fpl$frsb)
    _frsb                                    0x000035b7   Thumb Code    20  faddsub_clz.o(x$fpl$frsb)
    __aeabi_fsub                             0x000035cd   Thumb Code     0  faddsub_clz.o(x$fpl$fsub)
    _fsub                                    0x000035cd   Thumb Code   234  faddsub_clz.o(x$fpl$fsub)
    __fpl_return_NaN                         0x000036b7   Thumb Code   100  retnan.o(x$fpl$retnan)
    __ARM_scalbn                             0x0000371b   Thumb Code    92  scalbn.o(x$fpl$scalbn)
    __fpl_cmpreturn                          0x00003777   Thumb Code    48  trapv.o(x$fpl$trapveneer)
    muestras                                 0x000037a8   Data       15872  ultrasonidos.o(.constdata)
    Region$$Table$$Base                      0x00007da0   Number         0  anon$$obj.o(Region$$Table)
    Region$$Table$$Limit                     0x00007dc0   Number         0  anon$$obj.o(Region$$Table)
    __ctype                                  0x00007dcd   Data           0  lc_ctype_c.o(locale$$data)
    SystemCoreClock                          0x10000000   Data           4  system_lpc17xx.o(.data)
    modo                                     0x10000004   Data           1  ultrasonidos.o(.data)
    sentido                                  0x10000005   Data           1  ultrasonidos.o(.data)
    grados                                   0x10000006   Data           1  ultrasonidos.o(.data)
    salto                                    0x10000007   Data           1  ultrasonidos.o(.data)
    Frecuencia                               0x10000008   Data           2  ultrasonidos.o(.data)
    periodo                                  0x1000000a   Data           2  ultrasonidos.o(.data)
    distancia                                0x1000000c   Data           4  ultrasonidos.o(.data)
    cuenta_dist1                             0x10000010   Data           4  ultrasonidos.o(.data)
    cuenta_dist2                             0x10000014   Data           4  ultrasonidos.o(.data)
    dist                                     0x10000018   Data           4  ultrasonidos.o(.data)
    token                                    0x1000001c   Data           1  ultrasonidos.o(.data)
    Tim1                                     0x1000001d   Data           1  ultrasonidos.o(.data)
    temperatura                              0x10000020   Data           4  ultrasonidos.o(.data)
    i_muestras3                              0x10000024   Data           2  ultrasonidos.o(.data)
    i_muestras                               0x10000026   Data           2  ultrasonidos.o(.data)
    i_muestras2                              0x10000028   Data           2  ultrasonidos.o(.data)
    sonido                                   0x1000002a   Data           1  ultrasonidos.o(.data)
    mensaje                                  0x1000002b   Data           1  ultrasonidos.o(.data)
    contUART0                                0x1000002c   Data           1  ultrasonidos.o(.data)
    ptr_rx                                   0x10000030   Data           4  ultrasonidos.o(.data)
    rx_completa                              0x10000034   Data           1  ultrasonidos.o(.data)
    ptr_tx                                   0x10000038   Data           4  ultrasonidos.o(.data)
    tx_completa                              0x1000003c   Data           1  ultrasonidos.o(.data)
    audio_grabado                            0x10000040   Data       32000  ultrasonidos.o(.bss)
    muestreo                                 0x10007d40   Data          64  ultrasonidos.o(.bss)
    buffer                                   0x10007d80   Data          30  ultrasonidos.o(.bss)
    __libspace_start                         0x10007da0   Data          96  libspace.o(.bss)
    __temporary_stack_top$libspace           0x10007e00   Data           0  libspace.o(.bss)



==============================================================================

Memory Map of the image

  Image Entry point : 0x00000185

  Load Region LR_1 (Base: 0x00000000, Size: 0x00007f10, Max: 0xffffffff, ABSOLUTE)

    Execution Region ER_RO (Base: 0x00000000, Size: 0x00007ed0, Max: 0xffffffff, ABSOLUTE)

    Base Addr    Size         Type   Attr      Idx    E Section Name        Object

    0x00000000   0x000000cc   Data   RO            3    RESET               startup_lpc17xx.o
    0x000000cc   0x00000008   Code   RO          204  * !!!main             c_w.l(__main.o)
    0x000000d4   0x00000034   Code   RO          505    !!!scatter          c_w.l(__scatter.o)
    0x00000108   0x0000001a   Code   RO          507    !!handler_copy      c_w.l(__scatter_copy.o)
    0x00000122   0x00000002   PAD
    0x00000124   0x0000001c   Code   RO          509    !!handler_zi        c_w.l(__scatter_zi.o)
    0x00000140   0x00000000   Code   RO          195    .ARM.Collect$$_printf_percent$$00000000  c_w.l(_printf_percent.o)
    0x00000140   0x00000006   Code   RO          194    .ARM.Collect$$_printf_percent$$00000009  c_w.l(_printf_d.o)
    0x00000146   0x00000004   Code   RO          284    .ARM.Collect$$_printf_percent$$00000017  c_w.l(_printf_percent_end.o)
    0x0000014a   0x00000002   Code   RO          377    .ARM.Collect$$libinit$$00000000  c_w.l(libinit.o)
    0x0000014c   0x00000000   Code   RO          389    .ARM.Collect$$libinit$$00000002  c_w.l(libinit2.o)
    0x0000014c   0x00000000   Code   RO          392    .ARM.Collect$$libinit$$00000008  c_w.l(libinit2.o)
    0x0000014c   0x00000000   Code   RO          394    .ARM.Collect$$libinit$$0000000A  c_w.l(libinit2.o)
    0x0000014c   0x00000000   Code   RO          396    .ARM.Collect$$libinit$$0000000C  c_w.l(libinit2.o)
    0x0000014c   0x00000006   Code   RO          397    .ARM.Collect$$libinit$$0000000D  c_w.l(libinit2.o)
    0x00000152   0x00000000   Code   RO          399    .ARM.Collect$$libinit$$0000000F  c_w.l(libinit2.o)
    0x00000152   0x0000000c   Code   RO          400    .ARM.Collect$$libinit$$00000010  c_w.l(libinit2.o)
    0x0000015e   0x00000000   Code   RO          401    .ARM.Collect$$libinit$$00000011  c_w.l(libinit2.o)
    0x0000015e   0x00000000   Code   RO          403    .ARM.Collect$$libinit$$00000013  c_w.l(libinit2.o)
    0x0000015e   0x00000000   Code   RO          405    .ARM.Collect$$libinit$$00000015  c_w.l(libinit2.o)
    0x0000015e   0x00000000   Code   RO          407    .ARM.Collect$$libinit$$00000017  c_w.l(libinit2.o)
    0x0000015e   0x00000000   Code   RO          409    .ARM.Collect$$libinit$$00000019  c_w.l(libinit2.o)
    0x0000015e   0x00000000   Code   RO          411    .ARM.Collect$$libinit$$0000001B  c_w.l(libinit2.o)
    0x0000015e   0x00000000   Code   RO          413    .ARM.Collect$$libinit$$0000001D  c_w.l(libinit2.o)
    0x0000015e   0x00000000   Code   RO          415    .ARM.Collect$$libinit$$0000001F  c_w.l(libinit2.o)
    0x0000015e   0x00000000   Code   RO          417    .ARM.Collect$$libinit$$00000021  c_w.l(libinit2.o)
    0x0000015e   0x00000000   Code   RO          419    .ARM.Collect$$libinit$$00000023  c_w.l(libinit2.o)
    0x0000015e   0x00000000   Code   RO          423    .ARM.Collect$$libinit$$0000002A  c_w.l(libinit2.o)
    0x0000015e   0x00000000   Code   RO          425    .ARM.Collect$$libinit$$0000002C  c_w.l(libinit2.o)
    0x0000015e   0x00000000   Code   RO          427    .ARM.Collect$$libinit$$0000002E  c_w.l(libinit2.o)
    0x0000015e   0x00000000   Code   RO          429    .ARM.Collect$$libinit$$00000030  c_w.l(libinit2.o)
    0x0000015e   0x00000002   Code   RO          430    .ARM.Collect$$libinit$$00000031  c_w.l(libinit2.o)
    0x00000160   0x00000002   Code   RO          463    .ARM.Collect$$libshutdown$$00000000  c_w.l(libshutdown.o)
    0x00000162   0x00000000   Code   RO          490    .ARM.Collect$$libshutdown$$00000003  c_w.l(libshutdown2.o)
    0x00000162   0x00000000   Code   RO          493    .ARM.Collect$$libshutdown$$00000006  c_w.l(libshutdown2.o)
    0x00000162   0x00000000   Code   RO          496    .ARM.Collect$$libshutdown$$00000009  c_w.l(libshutdown2.o)
    0x00000162   0x00000000   Code   RO          498    .ARM.Collect$$libshutdown$$0000000B  c_w.l(libshutdown2.o)
    0x00000162   0x00000000   Code   RO          501    .ARM.Collect$$libshutdown$$0000000E  c_w.l(libshutdown2.o)
    0x00000162   0x00000002   Code   RO          502    .ARM.Collect$$libshutdown$$0000000F  c_w.l(libshutdown2.o)
    0x00000164   0x00000000   Code   RO          266    .ARM.Collect$$rtentry$$00000000  c_w.l(rtentry.o)
    0x00000164   0x00000000   Code   RO          320    .ARM.Collect$$rtentry$$00000002  c_w.l(rtentry2.o)
    0x00000164   0x00000006   Code   RO          332    .ARM.Collect$$rtentry$$00000004  c_w.l(rtentry4.o)
    0x0000016a   0x00000000   Code   RO          322    .ARM.Collect$$rtentry$$00000009  c_w.l(rtentry2.o)
    0x0000016a   0x00000004   Code   RO          323    .ARM.Collect$$rtentry$$0000000A  c_w.l(rtentry2.o)
    0x0000016e   0x00000000   Code   RO          325    .ARM.Collect$$rtentry$$0000000C  c_w.l(rtentry2.o)
    0x0000016e   0x00000008   Code   RO          326    .ARM.Collect$$rtentry$$0000000D  c_w.l(rtentry2.o)
    0x00000176   0x00000002   Code   RO          380    .ARM.Collect$$rtexit$$00000000  c_w.l(rtexit.o)
    0x00000178   0x00000000   Code   RO          436    .ARM.Collect$$rtexit$$00000002  c_w.l(rtexit2.o)
    0x00000178   0x00000004   Code   RO          437    .ARM.Collect$$rtexit$$00000003  c_w.l(rtexit2.o)
    0x0000017c   0x00000006   Code   RO          438    .ARM.Collect$$rtexit$$00000004  c_w.l(rtexit2.o)
    0x00000182   0x00000002   PAD
    0x00000184   0x0000003c   Code   RO            5  * .text               startup_lpc17xx.o
    0x000001c0   0x00000020   Code   RO          110    .text               asciilib.o
    0x000001e0   0x000000ee   Code   RO          164    .text               c_w.l(lludivv7m.o)
    0x000002ce   0x00000002   PAD
    0x000002d0   0x00000028   Code   RO          168    .text               c_w.l(noretval__2sprintf.o)
    0x000002f8   0x00000002   Code   RO          452    .text               c_w.l(use_no_semi.o)
    0x000002fa   0x00000000   Code   RO          454    .text               c_w.l(indicate_semi.o)
    0x000002fa   0x00000000   Code   RO          301    x$fpl$usenofp       fz_ws.l(usenofp.o)
    0x000002fa   0x00000002   PAD
    0x000002fc   0x00000004   Code   RO            4    .ARM.__at_0x02FC    startup_lpc17xx.o
    0x00000300   0x00000318   Code   RO           15    .text               system_lpc17xx.o
    0x00000618   0x00000d80   Code   RO           58    .text               ultrasonidos.o
    0x00001398   0x000006d0   Code   RO          132    .text               glcd.o
    0x00001a68   0x00000068   Code   RO          170    .text               c_w.l(__printf.o)
    0x00001ad0   0x00000078   Code   RO          172    .text               c_w.l(_printf_dec.o)
    0x00001b48   0x0000001a   Code   RO          196    .text               c_w.l(atoi.o)
    0x00001b62   0x0000008a   Code   RO          198    .text               c_w.l(rt_memcpy_v6.o)
    0x00001bec   0x00000080   Code   RO          200    .text               c_w.l(strcmpv7m.o)
    0x00001c6c   0x00000006   Code   RO          202    .text               c_w.l(heapauxi.o)
    0x00001c72   0x00000002   PAD
    0x00001c74   0x00000008   Code   RO          274    .text               c_w.l(rt_errno_addr_intlibspace.o)
    0x00001c7c   0x00000016   Code   RO          276    .text               c_w.l(_rserrno.o)
    0x00001c92   0x000000b8   Code   RO          278    .text               c_w.l(_printf_intcommon.o)
    0x00001d4a   0x00000002   PAD
    0x00001d4c   0x00000030   Code   RO          280    .text               c_w.l(_printf_char_common.o)
    0x00001d7c   0x0000000a   Code   RO          282    .text               c_w.l(_sputc.o)
    0x00001d86   0x00000070   Code   RO          285    .text               c_w.l(strtol.o)
    0x00001df6   0x00000064   Code   RO          287    .text               c_w.l(rt_memcpy_w.o)
    0x00001e5a   0x00000002   PAD
    0x00001e5c   0x00000008   Code   RO          316    .text               c_w.l(libspace.o)
    0x00001e64   0x00000010   Code   RO          334    .text               c_w.l(rt_ctype_table.o)
    0x00001e74   0x0000009e   Code   RO          340    .text               c_w.l(_strtoul.o)
    0x00001f12   0x0000004a   Code   RO          354    .text               c_w.l(sys_stackheap_outer.o)
    0x00001f5c   0x00000008   Code   RO          359    .text               c_w.l(rt_locale_intlibspace.o)
    0x00001f64   0x0000001c   Code   RO          361    .text               c_w.l(_chval.o)
    0x00001f80   0x0000000c   Code   RO          366    .text               c_w.l(exit.o)
    0x00001f8c   0x0000000c   Code   RO          433    .text               c_w.l(sys_exit.o)
    0x00001f98   0x00000028   Code   RO          350    i.__ARM_fpclassify  m_ws.l(fpclassify.o)
    0x00001fc0   0x00000388   Code   RO          305    i.__ieee754_rem_pio2  m_ws.l(rred.o)
    0x00002348   0x000000fc   Code   RO          302    i.__kernel_cos      m_ws.l(cos_i.o)
    0x00002444   0x000000aa   Code   RO          352    i.__kernel_poly     m_ws.l(poly.o)
    0x000024ee   0x00000002   PAD
    0x000024f0   0x000000ec   Code   RO          310    i.__kernel_sin      m_ws.l(sin_i.o)
    0x000025dc   0x00000010   Code   RO          348    i.__mathlib_dbl_underflow  m_ws.l(dunder.o)
    0x000025ec   0x000000b0   Code   RO          259    i.sin               m_ws.l(sin.o)
    0x0000269c   0x0000002c   Code   RO          364    locale$$code        c_w.l(lc_ctype_c.o)
    0x000026c8   0x00000062   Code   RO          206    x$fpl$d2f           fz_ws.l(d2f.o)
    0x0000272a   0x00000002   PAD
    0x0000272c   0x00000150   Code   RO          208    x$fpl$dadd          fz_ws.l(daddsub_clz.o)
    0x0000287c   0x00000010   Code   RO          342    x$fpl$dcheck1       fz_ws.l(dcheck1.o)
    0x0000288c   0x000002b0   Code   RO          215    x$fpl$ddiv          fz_ws.l(ddiv.o)
    0x00002b3c   0x0000005e   Code   RO          344    x$fpl$dfix          fz_ws.l(dfix.o)
    0x00002b9a   0x00000002   PAD
    0x00002b9c   0x0000005a   Code   RO          218    x$fpl$dfixu         fz_ws.l(dfixu.o)
    0x00002bf6   0x0000002e   Code   RO          223    x$fpl$dflt          fz_ws.l(dflt_clz.o)
    0x00002c24   0x00000026   Code   RO          222    x$fpl$dfltu         fz_ws.l(dflt_clz.o)
    0x00002c4a   0x00000002   PAD
    0x00002c4c   0x00000154   Code   RO          228    x$fpl$dmul          fz_ws.l(dmul.o)
    0x00002da0   0x0000009c   Code   RO          289    x$fpl$dnaninf       fz_ws.l(dnaninf.o)
    0x00002e3c   0x0000000c   Code   RO          291    x$fpl$dretinf       fz_ws.l(dretinf.o)
    0x00002e48   0x00000016   Code   RO          209    x$fpl$drsb          fz_ws.l(daddsub_clz.o)
    0x00002e5e   0x00000002   PAD
    0x00002e60   0x000001d4   Code   RO          210    x$fpl$dsub          fz_ws.l(daddsub_clz.o)
    0x00003034   0x00000056   Code   RO          230    x$fpl$f2d           fz_ws.l(f2d.o)
    0x0000308a   0x00000002   PAD
    0x0000308c   0x000000c4   Code   RO          232    x$fpl$fadd          fz_ws.l(faddsub_clz.o)
    0x00003150   0x00000018   Code   RO          293    x$fpl$fcmpinf       fz_ws.l(fcmpi.o)
    0x00003168   0x00000184   Code   RO          239    x$fpl$fdiv          fz_ws.l(fdiv.o)
    0x000032ec   0x0000003e   Code   RO          242    x$fpl$ffixu         fz_ws.l(ffixu.o)
    0x0000332a   0x00000002   PAD
    0x0000332c   0x00000026   Code   RO          246    x$fpl$ffltu         fz_ws.l(fflt_clz.o)
    0x00003352   0x00000002   PAD
    0x00003354   0x00000068   Code   RO          252    x$fpl$fleqf         fz_ws.l(fleqf.o)
    0x000033bc   0x00000102   Code   RO          254    x$fpl$fmul          fz_ws.l(fmul.o)
    0x000034be   0x0000008c   Code   RO          295    x$fpl$fnaninf       fz_ws.l(fnaninf.o)
    0x0000354a   0x0000000a   Code   RO          297    x$fpl$fretinf       fz_ws.l(fretinf.o)
    0x00003554   0x00000062   Code   RO          256    x$fpl$frleqf        fz_ws.l(frleqf.o)
    0x000035b6   0x00000014   Code   RO          233    x$fpl$frsb          fz_ws.l(faddsub_clz.o)
    0x000035ca   0x00000002   PAD
    0x000035cc   0x000000ea   Code   RO          234    x$fpl$fsub          fz_ws.l(faddsub_clz.o)
    0x000036b6   0x00000064   Code   RO          378    x$fpl$retnan        fz_ws.l(retnan.o)
    0x0000371a   0x0000005c   Code   RO          299    x$fpl$scalbn        fz_ws.l(scalbn.o)
    0x00003776   0x00000030   Code   RO          431    x$fpl$trapveneer    fz_ws.l(trapv.o)
    0x000037a6   0x00000002   PAD
    0x000037a8   0x00003ee5   Data   RO           60    .constdata          ultrasonidos.o
    0x0000768d   0x000005f0   Data   RO          111    .constdata          asciilib.o
    0x00007c7d   0x00000003   PAD
    0x00007c80   0x00000030   Data   RO          303    .constdata          m_ws.l(cos_i.o)
    0x00007cb0   0x000000c8   Data   RO          307    .constdata          m_ws.l(rred.o)
    0x00007d78   0x00000028   Data   RO          311    .constdata          m_ws.l(sin_i.o)
    0x00007da0   0x00000020   Data   RO          503    Region$$Table       anon$$obj.o
    0x00007dc0   0x00000110   Data   RO          363    locale$$data        c_w.l(lc_ctype_c.o)


    Execution Region ER_RW (Base: 0x10000000, Size: 0x00000040, Max: 0xffffffff, ABSOLUTE)

    Base Addr    Size         Type   Attr      Idx    E Section Name        Object

    0x10000000   0x00000004   Data   RW           16    .data               system_lpc17xx.o
    0x10000004   0x00000039   Data   RW           61    .data               ultrasonidos.o
    0x1000003d   0x00000001   Data   RW          133    .data               glcd.o


    Execution Region ER_ZI (Base: 0x10000040, Size: 0x00007fc0, Max: 0xffffffff, ABSOLUTE)

    Base Addr    Size         Type   Attr      Idx    E Section Name        Object

    0x10000040   0x00007d5e   Zero   RW           59    .bss                ultrasonidos.o
    0x10007d9e   0x00000002   PAD
    0x10007da0   0x00000060   Zero   RW          317    .bss                c_w.l(libspace.o)
    0x10007e00   0x00000000   Zero   RW            2    HEAP                startup_lpc17xx.o
    0x10007e00   0x00000200   Zero   RW            1    STACK               startup_lpc17xx.o


==============================================================================

Image component sizes


      Code (inc. data)   RO Data    RW Data    ZI Data      Debug   Object Name

        32          6       1520          0          0        819   asciilib.o
      1744         20          0          1          0       5499   glcd.o
        64         26        204          0        512        896   startup_lpc17xx.o
       792         78          0          4          0       5177   system_lpc17xx.o
      3456        462      16101         57      32094      48084   ultrasonidos.o

    ----------------------------------------------------------------------
      6088        592      17860         64      32608      60475   Object Totals
         0          0         32          0          0          0   (incl. Generated)
         0          0          3          2          2          0   (incl. Padding)

    ----------------------------------------------------------------------

      Code (inc. data)   RO Data    RW Data    ZI Data      Debug   Library Member Name

         8          0          0          0          0         68   __main.o
       104          0          0          0          0         84   __printf.o
        52          8          0          0          0          0   __scatter.o
        26          0          0          0          0          0   __scatter_copy.o
        28          0          0          0          0          0   __scatter_zi.o
        28          0          0          0          0         68   _chval.o
        48          6          0          0          0         96   _printf_char_common.o
         6          0          0          0          0          0   _printf_d.o
       120         18          0          0          0         92   _printf_dec.o
       184          0          0          0          0         88   _printf_intcommon.o
         0          0          0          0          0          0   _printf_percent.o
         4          0          0          0          0          0   _printf_percent_end.o
        22          0          0          0          0        100   _rserrno.o
        10          0          0          0          0         68   _sputc.o
       158          0          0          0          0         92   _strtoul.o
        26          0          0          0          0         80   atoi.o
        12          0          0          0          0         72   exit.o
         6          0          0          0          0        152   heapauxi.o
         0          0          0          0          0          0   indicate_semi.o
        44         10        272          0          0         76   lc_ctype_c.o
         2          0          0          0          0          0   libinit.o
        20          0          0          0          0          0   libinit2.o
         2          0          0          0          0          0   libshutdown.o
         2          0          0          0          0          0   libshutdown2.o
         8          4          0          0         96         68   libspace.o
       238          0          0          0          0        100   lludivv7m.o
        40          6          0          0          0         84   noretval__2sprintf.o
        16          4          0          0          0         76   rt_ctype_table.o
         8          4          0          0          0         68   rt_errno_addr_intlibspace.o
         8          4          0          0          0         68   rt_locale_intlibspace.o
       138          0          0          0          0         68   rt_memcpy_v6.o
       100          0          0          0          0         80   rt_memcpy_w.o
         0          0          0          0          0          0   rtentry.o
        12          0          0          0          0          0   rtentry2.o
         6          0          0          0          0          0   rtentry4.o
         2          0          0          0          0          0   rtexit.o
        10          0          0          0          0          0   rtexit2.o
       128          0          0          0          0         68   strcmpv7m.o
       112          0          0          0          0         88   strtol.o
        12          4          0          0          0         68   sys_exit.o
        74          0          0          0          0         80   sys_stackheap_outer.o
         2          0          0          0          0         68   use_no_semi.o
        98          4          0          0          0         92   d2f.o
       826         16          0          0          0        348   daddsub_clz.o
        16          4          0          0          0         68   dcheck1.o
       688        140          0          0          0        208   ddiv.o
        94          4          0          0          0         92   dfix.o
        90          4          0          0          0         92   dfixu.o
        84          0          0          0          0        136   dflt_clz.o
       340         12          0          0          0        104   dmul.o
       156          4          0          0          0         92   dnaninf.o
        12          0          0          0          0         68   dretinf.o
        86          4          0          0          0         84   f2d.o
       450          8          0          0          0        236   faddsub_clz.o
        24          0          0          0          0         68   fcmpi.o
       388         76          0          0          0         96   fdiv.o
        62          4          0          0          0         84   ffixu.o
        38          0          0          0          0         68   fflt_clz.o
       104          4          0          0          0         84   fleqf.o
       258          4          0          0          0         84   fmul.o
       140          4          0          0          0         84   fnaninf.o
        10          0          0          0          0         68   fretinf.o
        98          0          0          0          0         68   frleqf.o
       100          0          0          0          0         68   retnan.o
        92          0          0          0          0         68   scalbn.o
        48          0          0          0          0         68   trapv.o
         0          0          0          0          0          0   usenofp.o
       252         22         48          0          0        124   cos_i.o
        16          6          0          0          0         68   dunder.o
        40          0          0          0          0         68   fpclassify.o
       170          0          0          0          0         96   poly.o
       904         72        200          0          0        140   rred.o
       176         10          0          0          0        116   sin.o
       236         12         40          0          0        128   sin_i.o

    ----------------------------------------------------------------------
      7956        482        560          0         96       5388   Library Totals
        34          0          0          0          0          0   (incl. Padding)

    ----------------------------------------------------------------------

      Code (inc. data)   RO Data    RW Data    ZI Data      Debug   Library Name

      1826         68        272          0         96       2120   c_w.l
      4302        292          0          0          0       2528   fz_ws.l
      1794        122        288          0          0        740   m_ws.l

    ----------------------------------------------------------------------
      7956        482        560          0         96       5388   Library Totals

    ----------------------------------------------------------------------

==============================================================================


      Code (inc. data)   RO Data    RW Data    ZI Data      Debug   

     14044       1074      18420         64      32704      62431   Grand Totals
     14044       1074      18420         64      32704      62431   ELF Image Totals
     14044       1074      18420         64          0          0   ROM Totals

==============================================================================

    Total RO  Size (Code + RO Data)                32464 (  31.70kB)
    Total RW  Size (RW Data + ZI Data)             32768 (  32.00kB)
    Total ROM Size (Code + RO Data + RW Data)      32528 (  31.77kB)

==============================================================================

